******************************************************************************
       MSP430 Evaluation Linker PC v3.2.1                      
******************************************************************************
>> Linked Thu Aug 04 17:31:12 2011

OUTPUT FILE NAME:   <project11.out>
ENTRY POINT SYMBOL: "_c_int00"  address: 0000af84


MEMORY CONFIGURATION

         name            origin    length      used     unused   attr    fill
----------------------  --------  ---------  --------  --------  ----  --------
  SFR                   00000000   00000010  00000000  00000010  RWIX
  PERIPHERALS_8BIT      00000010   000000f0  00000000  000000f0  RWIX
  PERIPHERALS_16BIT     00000100   00000100  00000000  00000100  RWIX
  RAM                   00000200   00000400  000000b7  00000349  RWIX
  INFOD                 00001000   00000040  00000000  00000040  RWIX
  INFOC                 00001040   00000040  00000000  00000040  RWIX
  INFOB                 00001080   00000040  00000000  00000040  RWIX
  INFOA                 000010c0   00000040  00000000  00000040  RWIX
  FLASH                 00008000   00007fde  0000378b  00004853  RWIX
  INT00                 0000ffe0   00000002  00000000  00000002  RWIX
  INT01                 0000ffe2   00000002  00000000  00000002  RWIX
  INT02                 0000ffe4   00000002  00000000  00000002  RWIX
  INT03                 0000ffe6   00000002  00000000  00000002  RWIX
  INT04                 0000ffe8   00000002  00000000  00000002  RWIX
  INT05                 0000ffea   00000002  00000002  00000000  RWIX
  INT06                 0000ffec   00000002  00000000  00000002  RWIX
  INT07                 0000ffee   00000002  00000002  00000000  RWIX
  INT08                 0000fff0   00000002  00000000  00000002  RWIX
  INT09                 0000fff2   00000002  00000000  00000002  RWIX
  INT10                 0000fff4   00000002  00000002  00000000  RWIX
  INT11                 0000fff6   00000002  00000000  00000002  RWIX
  INT12                 0000fff8   00000002  00000000  00000002  RWIX
  INT13                 0000fffa   00000002  00000000  00000002  RWIX
  INT14                 0000fffc   00000002  00000000  00000002  RWIX
  RESET                 0000fffe   00000002  00000002  00000000  RWIX


SECTION ALLOCATION MAP

 output                                  attributes/
section   page    origin      length       input sections
--------  ----  ----------  ----------   ----------------
.pinit     0    00008000    00000000     UNINITIALIZED

.bss       0    00000200    00000067     UNINITIALIZED
                  00000200    00000032     pong_images.obj (.bss)
                  00000232    0000001c     eZ430X.obj (.bss)
                  0000024e    0000000e     pong.obj (.bss)
                  0000025c    00000004     rts430.lib : _lock.obj (.bss)
                  00000260    00000004                : boot.obj (.bss)
                  00000264    00000003     lcd.obj (.bss)

.stack     0    000005b0    00000050     UNINITIALIZED
                  000005b0    00000002     rts430.lib : boot.obj (.stack)
                  000005b2    0000004e     --HOLE--

.text      0    00008000    000031a6     
                  00008000    00000622     pong.obj (.text:main)
                  00008622    000002ca     lcd.obj (.text:lcd_putchar)
                  000088ec    0000022c     pong_images.obj (.text:drawBall)
                  00008b18    00000216     rts430.lib : _printfi.obj (.text:_setfield)
                  00008d2e    000001b6                : _printfi.obj (.text:_printfi)
                  00008ee4    00000168                : _printfi.obj (.text:ecvt)
                  0000904c    00000160                : _printfi.obj (.text:fcvt)
                  000091ac    00000154                : _printfi.obj (.text:_pconv_e)
                  00009300    0000011e     pong.obj (.text:startOver)
                  0000941e    00000118     rts430.lib : fs_add.obj (.text)
                  00009536    00000102                : _printfi.obj (.text:_pconv_g)
                  00009638    00000100                : _printfi.obj (.text:_getarg_diouxp)
                  00009738    000000fe                : _printfi.obj (.text:_pproc_fwp)
                  00009836    000000f8     eZ430X.obj (.text:ERROR2)
                  0000992e    000000f8     eZ430X.obj (.text:eZ430X_init)
                  00009a26    000000f2     rts430.lib : _printfi.obj (.text:_pproc_diouxp)
                  00009b18    000000e2     lcd.obj (.text:lcd_init)
                  00009bfa    000000d8     adc.obj (.text:ADC_read)
                  00009cd2    000000c0     pong_images.obj (.text:drawPaddle)
                  00009d92    000000ae     lcd.obj (.text:lcd_image)
                  00009e40    000000ac     rts430.lib : _printfi.obj (.text:_pproc_str)
                  00009eec    000000aa     pong.obj (.text:leftPlayer)
                  00009f96    000000aa     pong.obj (.text:rightPlayer)
                  0000a040    000000aa     rts430.lib : fs_mpy.obj (.text)
                  0000a0ea    000000a8     lcd.obj (.text:lcd_blank)
                  0000a192    0000009a     rts430.lib : fs_div.obj (.text)
                  0000a22c    00000096                : _printfi.obj (.text:_ltostr)
                  0000a2c2    00000090                : _printfi.obj (.text:_mcpy)
                  0000a352    00000090     eZ430X.obj (.text:i2c_write2)
                  0000a3e2    00000086     rts430.lib : _printfi.obj (.text:_pproc_fge)
                  0000a468    00000084                : ltoa.obj (.text:ltoa)
                  0000a4ec    0000007e                : fs_tol.obj (.text)
                  0000a56a    0000007a                : _printfi.obj (.text:_ecpy)
                  0000a5e4    00000074                : _printfi.obj (.text:_pconv_f)
                  0000a658    00000074     pong.obj (.text:congratulations)
                  0000a6cc    0000006e     rts430.lib : lsr32.obj (.text)
                  0000a73a    00000068     lcd.obj (.text:lcd_clear)
                  0000a7a2    00000068     rts430.lib : fs_toi.obj (.text)
                  0000a80a    00000064     lcd.obj (.text:lcd_cursor)
                  0000a86e    00000060     eZ430X.obj (.text:i2c_write)
                  0000a8ce    00000058     rts430.lib : div32u.obj (.text)
                  0000a926    00000058                : setjmp.obj (.text)
                  0000a97e    00000056     lcd.obj (.text:lcd_display)
                  0000a9d4    00000054     rts430.lib : atoi.obj (.text:atoi)
                  0000aa28    00000052     lcd.obj (.text:lcd_printf)
                  0000aa7a    0000004e     rts430.lib : _printfi.obj (.text:_fcpy)
                  0000aac8    0000004c                : lsr16.obj (.text)
                  0000ab14    0000004a                : fs_cmp.obj (.text)
                  0000ab5e    0000004a                : fs_ltof.obj (.text)
                  0000aba8    00000046                : autoinit.obj (.text:_auto_init)
                  0000abee    00000046                : fs_tou.obj (.text)
                  0000ac34    00000046     eZ430X.obj (.text:wait_i2c_ack)
                  0000ac7a    00000044     rts430.lib : _printfi.obj (.text:_pproc_fflags)
                  0000acbe    00000040     lcd.obj (.text:lcd_WD)
                  0000acfe    00000040     rts430.lib : div32s.obj (.text)
                  0000ad3e    0000003c     pong.obj (.text:WDT_ISR)
                  0000ad7a    00000036     rts430.lib : fs_itof.obj (.text)
                  0000adb0    00000034                : _printfi.obj (.text:_div)
                  0000ade4    00000034                : vsprintf.obj (.text:vsprintf)
                  0000ae18    00000030     eZ430X.obj (.text:init_USCI_B0)
                  0000ae48    00000030     lcd.obj (.text:lcd_WC2)
                  0000ae78    00000030     lcd.obj (.text:lcd_setColumnPage)
                  0000aea8    0000002e     lcd.obj (.text:lcd_volume)
                  0000aed6    0000002e     eZ430X.obj (.text:wait)
                  0000af04    0000002c     rts430.lib : div16s.obj (.text)
                  0000af30    0000002c                : lsl16.obj (.text)
                  0000af5c    00000028                : memccpy.obj (.text:memccpy)
                  0000af84    00000026                : boot.obj (.text:_c_int00_noexit)
                  0000afaa    00000026                : mult32.obj (.text)
                  0000afd0    00000024     eZ430X.obj (.text:USCIAB0RX_ISR)
                  0000aff4    00000022     pong.obj (.text:doTone)
                  0000b016    00000022     eZ430X.obj (.text:tdelay)
                  0000b038    00000022     eZ430X.obj (.text:wait_i2c_stop)
                  0000b05a    00000020     pong.obj (.text:WDT_sleep)
                  0000b07a    00000020     lcd.obj (.text:lcd_WC)
                  0000b09a    0000001e     lcd.obj (.text:lcd_backlight)
                  0000b0b8    0000001c     pong.obj (.text:BallSpeed)
                  0000b0d4    0000001a     rts430.lib : vsprintf.obj (.text:_outs)
                  0000b0ee    00000016                : div16u.obj (.text)
                  0000b104    00000014                : memset.obj (.text:memset)
                  0000b118    00000014                : mult16.obj (.text)
                  0000b12c    00000012                : vsprintf.obj (.text:_outc)
                  0000b13e    00000012                : memcpy.obj (.text:memcpy)
                  0000b150    00000012                : strlen.obj (.text:strlen)
                  0000b162    00000010                : epilog.obj (.text)
                  0000b172    0000000a                : abs.obj (.text:abs)
                  0000b17c    0000000a     pong.obj (.text:resetScore)
                  0000b186    0000000a     rts430.lib : fs_neg.obj (.text)
                  0000b190    00000008     adc.obj (.text:ADC10_ISR)
                  0000b198    00000004     adc.obj (.text:ADC_init)
                  0000b19c    00000004     rts430.lib : pre_init.obj (.text:_system_pre_init)
                  0000b1a0    00000004                : exit.obj (.text:abort)
                  0000b1a4    00000002                : _lock.obj (.text:_nop)

.const     0    0000b1a6    000005a5     
                  0000b1a6    000001e0     lcd.obj (.const:cs)
                  0000b386    00000113     lcd.obj (.const:byu_image)
                  0000b499    00000001     --HOLE-- [fill = 0]
                  0000b49a    00000101     rts430.lib : ctype.obj (.const:_ctypes_)
                  0000b59b    00000001     --HOLE-- [fill = 0]
                  0000b59c    0000005a     lcd.obj (.const:lcd_rs)
                  0000b5f6    0000004c     pong.obj (.const:.string)
                  0000b642    00000024     rts430.lib : _printfi.obj (.const:.string)
                  0000b666    0000000e     pong_images.obj (.const:paddle1)
                  0000b674    0000000e     pong_images.obj (.const:paddle2)
                  0000b682    0000000e     pong_images.obj (.const:paddle3)
                  0000b690    0000000e     pong_images.obj (.const:paddle4)
                  0000b69e    0000000e     pong_images.obj (.const:paddle5)
                  0000b6ac    0000000e     pong_images.obj (.const:paddle6)
                  0000b6ba    0000000e     pong_images.obj (.const:paddle7)
                  0000b6c8    0000000e     pong_images.obj (.const:paddle8)
                  0000b6d6    0000000e     pong_images.obj (.const:paddle9)
                  0000b6e4    00000007     pong_images.obj (.const:b_00)
                  0000b6eb    00000001     --HOLE-- [fill = 0]
                  0000b6ec    00000007     pong_images.obj (.const:b_01)
                  0000b6f3    00000001     --HOLE-- [fill = 0]
                  0000b6f4    00000007     pong_images.obj (.const:b_02)
                  0000b6fb    00000001     --HOLE-- [fill = 0]
                  0000b6fc    00000007     pong_images.obj (.const:b_03)
                  0000b703    00000001     --HOLE-- [fill = 0]
                  0000b704    00000007     pong_images.obj (.const:b_04)
                  0000b70b    00000001     --HOLE-- [fill = 0]
                  0000b70c    00000007     pong_images.obj (.const:b_05)
                  0000b713    00000001     --HOLE-- [fill = 0]
                  0000b714    00000007     pong_images.obj (.const:b_06)
                  0000b71b    00000001     --HOLE-- [fill = 0]
                  0000b71c    00000007     pong_images.obj (.const:b_07)
                  0000b723    00000001     --HOLE-- [fill = 0]
                  0000b724    00000007     pong_images.obj (.const:b_08)
                  0000b72b    00000001     --HOLE-- [fill = 0]
                  0000b72c    00000007     pong_images.obj (.const:b_09)
                  0000b733    00000001     --HOLE-- [fill = 0]
                  0000b734    00000007     pong_images.obj (.const:b_10)
                  0000b73b    00000001     --HOLE-- [fill = 0]
                  0000b73c    00000007     pong_images.obj (.const:b_11)
                  0000b743    00000001     --HOLE-- [fill = 0]
                  0000b744    00000007     pong_images.obj (.const:b_12)

.cinit     0    0000b74c    00000040     
                  0000b74c    0000003a     pong_images.obj (.cinit)
                  0000b786    00000002     --HOLE-- [fill = 0]
                  0000b788    00000004     (.pad.cinit) [fill = 0]

.int05     0    0000ffea    00000002     
                  0000ffea    00000002     adc.obj (.int05)

.int07     0    0000ffee    00000002     
                  0000ffee    00000002     eZ430X.obj (.int07)

.int10     0    0000fff4    00000002     
                  0000fff4    00000002     pong.obj (.int10)

.reset     0    0000fffe    00000002     
                  0000fffe    00000002     rts430.lib : boot.obj (.reset)


GLOBAL SYMBOLS: SORTED ALPHABETICALLY BY Name 

address    name
--------   ----
00000200   .bss
00008000   .text
0000004a   ADC10AE0
0000004b   ADC10AE1
000001b0   ADC10CTL0
000001b2   ADC10CTL1
00000048   ADC10DTC0
00000049   ADC10DTC1
000001b4   ADC10MEM
000001bc   ADC10SA
0000b190   ADC10_ISR
0000b198   ADC_init
00009bfa   ADC_read
00000057   BCSCTL1
00000058   BCSCTL2
00000053   BCSCTL3
0000b0b8   BallSpeed
0000b1a0   C$$EXIT
000010fb   CALBC1_12MHZ
000010f9   CALBC1_16MHZ
000010ff   CALBC1_1MHZ
000010fd   CALBC1_8MHZ
000010fa   CALDCO_12MHZ
000010f8   CALDCO_16MHZ
000010fe   CALDCO_1MHZ
000010fc   CALDCO_8MHZ
00000056   DCOCTL
00009836   ERROR2
00000128   FCTL1
0000012a   FCTL2
0000012c   FCTL3
00000000   IE1
00000001   IE2
00000002   IFG1
00000003   IFG2
0000af30   I_LSL
0000af58   I_LSL_1
0000af46   I_LSL_10
0000af44   I_LSL_11
0000af42   I_LSL_12
0000af40   I_LSL_13
0000af3e   I_LSL_14
0000af3c   I_LSL_15
0000af56   I_LSL_2
0000af54   I_LSL_3
0000af52   I_LSL_4
0000af50   I_LSL_5
0000af4e   I_LSL_6
0000af4c   I_LSL_7
0000af4a   I_LSL_8
0000af48   I_LSL_9
0000aac8   I_LSR
0000ab0e   I_LSR_1
0000aaea   I_LSR_10
0000aae6   I_LSR_11
0000aae2   I_LSR_12
0000aade   I_LSR_13
0000aada   I_LSR_14
0000aad6   I_LSR_15
0000ab0a   I_LSR_2
0000ab06   I_LSR_3
0000ab02   I_LSR_4
0000aafe   I_LSR_5
0000aafa   I_LSR_6
0000aaf6   I_LSR_7
0000aaf2   I_LSR_8
0000aaee   I_LSR_9
0000a6cc   L_LSR
0000a732   L_LSR_1
0000a6fc   L_LSR_10
0000a6f6   L_LSR_11
0000a6f0   L_LSR_12
0000a6ea   L_LSR_13
0000a6e4   L_LSR_14
0000a6de   L_LSR_15
0000a72c   L_LSR_2
0000a726   L_LSR_3
0000a720   L_LSR_4
0000a71a   L_LSR_5
0000a714   L_LSR_6
0000a70e   L_LSR_7
0000a708   L_LSR_8
0000a702   L_LSR_9
000000c0   OA0CTL0
000000c1   OA0CTL1
000000c2   OA1CTL0
000000c3   OA1CTL1
00000022   P1DIR
00000025   P1IE
00000024   P1IES
00000023   P1IFG
00000020   P1IN
00000021   P1OUT
00000027   P1REN
00000026   P1SEL
0000002a   P2DIR
0000002d   P2IE
0000002c   P2IES
0000002b   P2IFG
00000028   P2IN
00000029   P2OUT
0000002f   P2REN
0000002e   P2SEL
0000001a   P3DIR
00000018   P3IN
00000019   P3OUT
00000010   P3REN
0000001b   P3SEL
0000001e   P4DIR
0000001c   P4IN
0000001d   P4OUT
00000011   P4REN
0000001f   P4SEL
00000172   TACCR0
00000174   TACCR1
00000176   TACCR2
00000162   TACCTL0
00000164   TACCTL1
00000166   TACCTL2
00000160   TACTL
0000012e   TAIV
00000170   TAR
00000192   TBCCR0
00000194   TBCCR1
00000196   TBCCR2
00000182   TBCCTL0
00000184   TBCCTL1
00000186   TBCCTL2
00000180   TBCTL
0000011e   TBIV
00000190   TBR
00000246   TXData
0000005d   UCA0ABCTL
00000062   UCA0BR0
00000063   UCA0BR1
00000060   UCA0CTL0
00000061   UCA0CTL1
0000005f   UCA0IRRCTL
0000005e   UCA0IRTCTL
00000064   UCA0MCTL
00000066   UCA0RXBUF
00000065   UCA0STAT
00000067   UCA0TXBUF
0000006a   UCB0BR0
0000006b   UCB0BR1
00000068   UCB0CTL0
00000069   UCB0CTL1
0000006c   UCB0I2CIE
00000118   UCB0I2COA
0000011a   UCB0I2CSA
0000006e   UCB0RXBUF
0000006d   UCB0STAT
0000006f   UCB0TXBUF
0000afd0   USCIAB0RX_ISR
00000120   WDTCTL
0000ad3e   WDT_ISR
00000252   WDT_Tone_Cnt
0000024e   WDT_cps_cnt
00000250   WDT_delay
0000b05a   WDT_sleep
00000600   __STACK_END
00000050   __STACK_SIZE
00000001   __TI_args_main
00000001   __TI_auto_init
00000001   __TI_exit
ffffffff   __binit__
00000200   __bss__
ffffffff   __c_args__
0000b74c   __cinit__
0000af04   __divi
0000acfe   __divli
0000b0ee   __divu
0000a8ce   __divul
00000267   __end__
0000b1a6   __etext__
00009424   __fs_add
0000ab14   __fs_cmp
0000a192   __fs_div
0000ad7a   __fs_itof
0000ab5e   __fs_ltof
0000a040   __fs_mpy
0000b186   __fs_neg
0000941e   __fs_sub
0000a7a2   __fs_toi
0000a4ec   __fs_tol
0000abee   __fs_tou
0000b118   __mpyi
0000afaa   __mpyl
ffffffff   __pinit__
0000af04   __remi
0000acfe   __remli
0000b0ee   __remu
0000a8ce   __remul
00008000   __text__
0000aba8   _auto_init
0000af84   _c_int00
0000af84   _c_int00_noexit
00000260   _cleanup_ptr
0000b49a   _ctypes_
00000262   _dtors_ptr
0000025c   _lock
0000b1a4   _nop
00008d2e   _printfi
0000fffe   _reset_vector
0000a926   _setjmp
000005b0   _stack
0000b19c   _system_pre_init
0000025e   _unlock
0000b1a0   abort
0000b172   abs
0000a9d4   atoi
0000b6e4   b_00
0000b6ec   b_01
0000b6f4   b_02
0000b6fc   b_03
0000b704   b_04
0000b70c   b_05
0000b714   b_06
0000b71c   b_07
0000b724   b_08
0000b72c   b_09
0000b734   b_10
0000b73c   b_11
0000b744   b_12
00000254   ballSpeed
00000200   balls
ffffffff   binit
0000b386   byu_image
0000b74c   cinit
0000a658   congratulations
0000b1a6   cs
0000aff4   doTone
000088ec   drawBall
00009cd2   drawPaddle
0000992e   eZ430X_init
00000267   end
0000b1a6   etext
0000b16e   func_epilog_1
0000b16c   func_epilog_2
0000b16a   func_epilog_3
0000b168   func_epilog_4
0000b166   func_epilog_5
0000b164   func_epilog_6
0000b162   func_epilog_7
00000232   i2c_context
00000244   i2c_fSCL
0000a86e   i2c_write
0000a352   i2c_write2
0000ae18   init_USCI_B0
0000b07a   lcd_WC
0000ae48   lcd_WC2
0000acbe   lcd_WD
0000b09a   lcd_backlight
0000a0ea   lcd_blank
0000a73a   lcd_clear
0000a80a   lcd_cursor
0000a97e   lcd_display
00009d92   lcd_image
00009b18   lcd_init
0000aa28   lcd_printf
00008622   lcd_putchar
0000b59c   lcd_rs
0000ae78   lcd_setColumnPage
0000aea8   lcd_volume
00009eec   leftPlayer
0000a952   longjmp
0000a468   ltoa
00008000   main
0000af5c   memccpy
0000b13e   memcpy
0000b104   memset
0000b666   paddle1
0000b674   paddle2
0000b682   paddle3
0000b690   paddle4
0000b69e   paddle5
0000b6ac   paddle6
0000b6ba   paddle7
0000b6c8   paddle8
0000b6d6   paddle9
00000220   paddles
ffffffff   pinit
0000b17c   resetScore
00009f96   rightPlayer
0000025a   scoreLeft
00000258   scoreRight
0000a926   setjmp
00009300   startOver
0000b150   strlen
0000ade4   vsprintf
0000aed6   wait
0000ac34   wait_i2c_ack
0000b038   wait_i2c_stop


GLOBAL SYMBOLS: SORTED BY Symbol Address 

address    name
--------   ----
00000000   IE1
00000001   IE2
00000001   __TI_args_main
00000001   __TI_auto_init
00000001   __TI_exit
00000002   IFG1
00000003   IFG2
00000010   P3REN
00000011   P4REN
00000018   P3IN
00000019   P3OUT
0000001a   P3DIR
0000001b   P3SEL
0000001c   P4IN
0000001d   P4OUT
0000001e   P4DIR
0000001f   P4SEL
00000020   P1IN
00000021   P1OUT
00000022   P1DIR
00000023   P1IFG
00000024   P1IES
00000025   P1IE
00000026   P1SEL
00000027   P1REN
00000028   P2IN
00000029   P2OUT
0000002a   P2DIR
0000002b   P2IFG
0000002c   P2IES
0000002d   P2IE
0000002e   P2SEL
0000002f   P2REN
00000048   ADC10DTC0
00000049   ADC10DTC1
0000004a   ADC10AE0
0000004b   ADC10AE1
00000050   __STACK_SIZE
00000053   BCSCTL3
00000056   DCOCTL
00000057   BCSCTL1
00000058   BCSCTL2
0000005d   UCA0ABCTL
0000005e   UCA0IRTCTL
0000005f   UCA0IRRCTL
00000060   UCA0CTL0
00000061   UCA0CTL1
00000062   UCA0BR0
00000063   UCA0BR1
00000064   UCA0MCTL
00000065   UCA0STAT
00000066   UCA0RXBUF
00000067   UCA0TXBUF
00000068   UCB0CTL0
00000069   UCB0CTL1
0000006a   UCB0BR0
0000006b   UCB0BR1
0000006c   UCB0I2CIE
0000006d   UCB0STAT
0000006e   UCB0RXBUF
0000006f   UCB0TXBUF
000000c0   OA0CTL0
000000c1   OA0CTL1
000000c2   OA1CTL0
000000c3   OA1CTL1
00000118   UCB0I2COA
0000011a   UCB0I2CSA
0000011e   TBIV
00000120   WDTCTL
00000128   FCTL1
0000012a   FCTL2
0000012c   FCTL3
0000012e   TAIV
00000160   TACTL
00000162   TACCTL0
00000164   TACCTL1
00000166   TACCTL2
00000170   TAR
00000172   TACCR0
00000174   TACCR1
00000176   TACCR2
00000180   TBCTL
00000182   TBCCTL0
00000184   TBCCTL1
00000186   TBCCTL2
00000190   TBR
00000192   TBCCR0
00000194   TBCCR1
00000196   TBCCR2
000001b0   ADC10CTL0
000001b2   ADC10CTL1
000001b4   ADC10MEM
000001bc   ADC10SA
00000200   .bss
00000200   __bss__
00000200   balls
00000220   paddles
00000232   i2c_context
00000244   i2c_fSCL
00000246   TXData
0000024e   WDT_cps_cnt
00000250   WDT_delay
00000252   WDT_Tone_Cnt
00000254   ballSpeed
00000258   scoreRight
0000025a   scoreLeft
0000025c   _lock
0000025e   _unlock
00000260   _cleanup_ptr
00000262   _dtors_ptr
00000267   __end__
00000267   end
000005b0   _stack
00000600   __STACK_END
000010f8   CALDCO_16MHZ
000010f9   CALBC1_16MHZ
000010fa   CALDCO_12MHZ
000010fb   CALBC1_12MHZ
000010fc   CALDCO_8MHZ
000010fd   CALBC1_8MHZ
000010fe   CALDCO_1MHZ
000010ff   CALBC1_1MHZ
00008000   .text
00008000   __text__
00008000   main
00008622   lcd_putchar
000088ec   drawBall
00008d2e   _printfi
00009300   startOver
0000941e   __fs_sub
00009424   __fs_add
00009836   ERROR2
0000992e   eZ430X_init
00009b18   lcd_init
00009bfa   ADC_read
00009cd2   drawPaddle
00009d92   lcd_image
00009eec   leftPlayer
00009f96   rightPlayer
0000a040   __fs_mpy
0000a0ea   lcd_blank
0000a192   __fs_div
0000a352   i2c_write2
0000a468   ltoa
0000a4ec   __fs_tol
0000a658   congratulations
0000a6cc   L_LSR
0000a6de   L_LSR_15
0000a6e4   L_LSR_14
0000a6ea   L_LSR_13
0000a6f0   L_LSR_12
0000a6f6   L_LSR_11
0000a6fc   L_LSR_10
0000a702   L_LSR_9
0000a708   L_LSR_8
0000a70e   L_LSR_7
0000a714   L_LSR_6
0000a71a   L_LSR_5
0000a720   L_LSR_4
0000a726   L_LSR_3
0000a72c   L_LSR_2
0000a732   L_LSR_1
0000a73a   lcd_clear
0000a7a2   __fs_toi
0000a80a   lcd_cursor
0000a86e   i2c_write
0000a8ce   __divul
0000a8ce   __remul
0000a926   _setjmp
0000a926   setjmp
0000a952   longjmp
0000a97e   lcd_display
0000a9d4   atoi
0000aa28   lcd_printf
0000aac8   I_LSR
0000aad6   I_LSR_15
0000aada   I_LSR_14
0000aade   I_LSR_13
0000aae2   I_LSR_12
0000aae6   I_LSR_11
0000aaea   I_LSR_10
0000aaee   I_LSR_9
0000aaf2   I_LSR_8
0000aaf6   I_LSR_7
0000aafa   I_LSR_6
0000aafe   I_LSR_5
0000ab02   I_LSR_4
0000ab06   I_LSR_3
0000ab0a   I_LSR_2
0000ab0e   I_LSR_1
0000ab14   __fs_cmp
0000ab5e   __fs_ltof
0000aba8   _auto_init
0000abee   __fs_tou
0000ac34   wait_i2c_ack
0000acbe   lcd_WD
0000acfe   __divli
0000acfe   __remli
0000ad3e   WDT_ISR
0000ad7a   __fs_itof
0000ade4   vsprintf
0000ae18   init_USCI_B0
0000ae48   lcd_WC2
0000ae78   lcd_setColumnPage
0000aea8   lcd_volume
0000aed6   wait
0000af04   __divi
0000af04   __remi
0000af30   I_LSL
0000af3c   I_LSL_15
0000af3e   I_LSL_14
0000af40   I_LSL_13
0000af42   I_LSL_12
0000af44   I_LSL_11
0000af46   I_LSL_10
0000af48   I_LSL_9
0000af4a   I_LSL_8
0000af4c   I_LSL_7
0000af4e   I_LSL_6
0000af50   I_LSL_5
0000af52   I_LSL_4
0000af54   I_LSL_3
0000af56   I_LSL_2
0000af58   I_LSL_1
0000af5c   memccpy
0000af84   _c_int00
0000af84   _c_int00_noexit
0000afaa   __mpyl
0000afd0   USCIAB0RX_ISR
0000aff4   doTone
0000b038   wait_i2c_stop
0000b05a   WDT_sleep
0000b07a   lcd_WC
0000b09a   lcd_backlight
0000b0b8   BallSpeed
0000b0ee   __divu
0000b0ee   __remu
0000b104   memset
0000b118   __mpyi
0000b13e   memcpy
0000b150   strlen
0000b162   func_epilog_7
0000b164   func_epilog_6
0000b166   func_epilog_5
0000b168   func_epilog_4
0000b16a   func_epilog_3
0000b16c   func_epilog_2
0000b16e   func_epilog_1
0000b172   abs
0000b17c   resetScore
0000b186   __fs_neg
0000b190   ADC10_ISR
0000b198   ADC_init
0000b19c   _system_pre_init
0000b1a0   C$$EXIT
0000b1a0   abort
0000b1a4   _nop
0000b1a6   __etext__
0000b1a6   cs
0000b1a6   etext
0000b386   byu_image
0000b49a   _ctypes_
0000b59c   lcd_rs
0000b666   paddle1
0000b674   paddle2
0000b682   paddle3
0000b690   paddle4
0000b69e   paddle5
0000b6ac   paddle6
0000b6ba   paddle7
0000b6c8   paddle8
0000b6d6   paddle9
0000b6e4   b_00
0000b6ec   b_01
0000b6f4   b_02
0000b6fc   b_03
0000b704   b_04
0000b70c   b_05
0000b714   b_06
0000b71c   b_07
0000b724   b_08
0000b72c   b_09
0000b734   b_10
0000b73c   b_11
0000b744   b_12
0000b74c   __cinit__
0000b74c   cinit
0000fffe   _reset_vector
ffffffff   __binit__
ffffffff   __c_args__
ffffffff   __pinit__
ffffffff   binit
ffffffff   pinit

[293 symbols]
