******************************************************************************
       MSP430 Evaluation Linker PC v3.2.1                      
******************************************************************************
>> Linked Tue Aug 02 18:37:35 2011

OUTPUT FILE NAME:   <dice.out>
ENTRY POINT SYMBOL: "_c_int00"  address: 0000aa64


MEMORY CONFIGURATION

         name            origin    length      used     unused   attr    fill
----------------------  --------  ---------  --------  --------  ----  --------
  SFR                   00000000   00000010  00000000  00000010  RWIX
  PERIPHERALS_8BIT      00000010   000000f0  00000000  000000f0  RWIX
  PERIPHERALS_16BIT     00000100   00000100  00000000  00000100  RWIX
  RAM                   00000200   00000400  00000088  00000378  RWIX
  INFOD                 00001000   00000040  00000000  00000040  RWIX
  INFOC                 00001040   00000040  00000000  00000040  RWIX
  INFOB                 00001080   00000040  00000000  00000040  RWIX
  INFOA                 000010c0   00000040  00000000  00000040  RWIX
  FLASH                 00008000   00007fde  00002fa0  0000503e  RWIX
  INT00                 0000ffe0   00000002  00000000  00000002  RWIX
  INT01                 0000ffe2   00000002  00000000  00000002  RWIX
  INT02                 0000ffe4   00000002  00000000  00000002  RWIX
  INT03                 0000ffe6   00000002  00000000  00000002  RWIX
  INT04                 0000ffe8   00000002  00000000  00000002  RWIX
  INT05                 0000ffea   00000002  00000000  00000002  RWIX
  INT06                 0000ffec   00000002  00000000  00000002  RWIX
  INT07                 0000ffee   00000002  00000002  00000000  RWIX
  INT08                 0000fff0   00000002  00000000  00000002  RWIX
  INT09                 0000fff2   00000002  00000000  00000002  RWIX
  INT10                 0000fff4   00000002  00000002  00000000  RWIX
  INT11                 0000fff6   00000002  00000000  00000002  RWIX
  INT12                 0000fff8   00000002  00000000  00000002  RWIX
  INT13                 0000fffa   00000002  00000000  00000002  RWIX
  INT14                 0000fffc   00000002  00000000  00000002  RWIX
  RESET                 0000fffe   00000002  00000002  00000000  RWIX


SECTION ALLOCATION MAP

 output                                  attributes/
section   page    origin      length       input sections
--------  ----  ----------  ----------   ----------------
.cinit     0    00008000    00000000     UNINITIALIZED

.pinit     0    00008000    00000000     UNINITIALIZED

.bss       0    00000200    00000038     UNINITIALIZED
                  00000200    0000001c     eZ430X.obj (.bss)
                  0000021c    0000000e     dice.obj (.bss)
                  0000022a    00000004     rts430.lib : _lock.obj (.bss)
                  0000022e    00000004                : boot.obj (.bss)
                  00000232    00000003     lcd.obj (.bss)
                  00000235    00000001     --HOLE--
                  00000236    00000002     random.obj (.bss)

.stack     0    000005b0    00000050     UNINITIALIZED
                  000005b0    00000002     rts430.lib : boot.obj (.stack)
                  000005b2    0000004e     --HOLE--

.text      0    00008000    00002b5c     
                  00008000    0000038e     dicePics.obj (.text:drawDie)
                  0000838e    000002ca     lcd.obj (.text:lcd_putchar)
                  00008658    00000216     rts430.lib : _printfi.obj (.text:_setfield)
                  0000886e    000001ca     dicePics.obj (.text:drawDieFrame)
                  00008a38    000001b6     rts430.lib : _printfi.obj (.text:_printfi)
                  00008bee    0000017a     dice.obj (.text:main)
                  00008d68    00000168     rts430.lib : _printfi.obj (.text:ecvt)
                  00008ed0    00000160                : _printfi.obj (.text:fcvt)
                  00009030    00000154                : _printfi.obj (.text:_pconv_e)
                  00009184    00000118                : fs_add.obj (.text)
                  0000929c    00000102                : _printfi.obj (.text:_pconv_g)
                  0000939e    00000100                : _printfi.obj (.text:_getarg_diouxp)
                  0000949e    000000fe                : _printfi.obj (.text:_pproc_fwp)
                  0000959c    000000f8     eZ430X.obj (.text:ERROR2)
                  00009694    000000f8     eZ430X.obj (.text:eZ430X_init)
                  0000978c    000000f2     rts430.lib : _printfi.obj (.text:_pproc_diouxp)
                  0000987e    000000e2     lcd.obj (.text:lcd_init)
                  00009960    000000ae     lcd.obj (.text:lcd_image)
                  00009a0e    000000ac     rts430.lib : _printfi.obj (.text:_pproc_str)
                  00009aba    000000aa                : fs_mpy.obj (.text)
                  00009b64    0000009a                : fs_div.obj (.text)
                  00009bfe    00000096                : _printfi.obj (.text:_ltostr)
                  00009c94    00000090                : _printfi.obj (.text:_mcpy)
                  00009d24    00000090     eZ430X.obj (.text:i2c_write2)
                  00009db4    0000008e     random.obj (.text)
                  00009e42    00000086     rts430.lib : _printfi.obj (.text:_pproc_fge)
                  00009ec8    00000084                : ltoa.obj (.text:ltoa)
                  00009f4c    0000007e                : fs_tol.obj (.text)
                  00009fca    0000007a                : _printfi.obj (.text:_ecpy)
                  0000a044    00000074                : _printfi.obj (.text:_pconv_f)
                  0000a0b8    00000074     dice.obj (.text:congradulations)
                  0000a12c    0000006e     rts430.lib : lsr32.obj (.text)
                  0000a19a    00000068     lcd.obj (.text:lcd_clear)
                  0000a202    00000068     rts430.lib : fs_toi.obj (.text)
                  0000a26a    00000066     dice.obj (.text:WDT_ISR)
                  0000a2d0    00000064     lcd.obj (.text:lcd_cursor)
                  0000a334    00000060     eZ430X.obj (.text:i2c_write)
                  0000a394    00000058     rts430.lib : div32u.obj (.text)
                  0000a3ec    00000058                : setjmp.obj (.text)
                  0000a444    00000056     lcd.obj (.text:lcd_display)
                  0000a49a    00000054     rts430.lib : atoi.obj (.text:atoi)
                  0000a4ee    00000052     lcd.obj (.text:lcd_printf)
                  0000a540    0000004e     rts430.lib : _printfi.obj (.text:_fcpy)
                  0000a58e    0000004c                : lsr16.obj (.text)
                  0000a5da    0000004a                : fs_cmp.obj (.text)
                  0000a624    0000004a                : fs_ltof.obj (.text)
                  0000a66e    00000046                : fs_tou.obj (.text)
                  0000a6b4    00000046     eZ430X.obj (.text:wait_i2c_ack)
                  0000a6fa    00000044     rts430.lib : _printfi.obj (.text:_pproc_fflags)
                  0000a73e    00000040     lcd.obj (.text:lcd_WD)
                  0000a77e    00000040     rts430.lib : div32s.obj (.text)
                  0000a7be    00000036                : fs_itof.obj (.text)
                  0000a7f4    00000034                : _printfi.obj (.text:_div)
                  0000a828    00000034                : vsprintf.obj (.text:vsprintf)
                  0000a85c    00000030     eZ430X.obj (.text:init_USCI_B0)
                  0000a88c    00000030     lcd.obj (.text:lcd_WC2)
                  0000a8bc    00000030     lcd.obj (.text:lcd_setColumnPage)
                  0000a8ec    0000002e     eZ430X.obj (.text:wait)
                  0000a91a    0000002c     rts430.lib : div16s.obj (.text)
                  0000a946    00000028     dice.obj (.text:get_switch)
                  0000a96e    00000028     rts430.lib : memccpy.obj (.text:memccpy)
                  0000a996    00000026                : mult32.obj (.text)
                  0000a9bc    00000024     eZ430X.obj (.text:USCIAB0RX_ISR)
                  0000a9e0    00000022     eZ430X.obj (.text:tdelay)
                  0000aa02    00000022     eZ430X.obj (.text:wait_i2c_stop)
                  0000aa24    00000020     dice.obj (.text:WDT_sleep)
                  0000aa44    00000020     lcd.obj (.text:lcd_WC)
                  0000aa64    0000001e     rts430.lib : boot.obj (.text:_c_int00_noinit_noexit)
                  0000aa82    0000001e     lcd.obj (.text:lcd_backlight)
                  0000aaa0    0000001a     rts430.lib : vsprintf.obj (.text:_outs)
                  0000aaba    00000016                : div16u.obj (.text)
                  0000aad0    00000014                : memset.obj (.text:memset)
                  0000aae4    00000014                : mult16.obj (.text)
                  0000aaf8    00000012                : vsprintf.obj (.text:_outc)
                  0000ab0a    00000012                : memcpy.obj (.text:memcpy)
                  0000ab1c    00000012                : strlen.obj (.text:strlen)
                  0000ab2e    00000010                : epilog.obj (.text)
                  0000ab3e    0000000a                : abs.obj (.text:abs)
                  0000ab48    0000000a                : fs_neg.obj (.text)
                  0000ab52    00000004                : pre_init.obj (.text:_system_pre_init)
                  0000ab56    00000004                : exit.obj (.text:abort)
                  0000ab5a    00000002                : _lock.obj (.text:_nop)

.const     0    0000ab5c    00000444     
                  0000ab5c    000001e0     lcd.obj (.const:cs)
                  0000ad3c    00000101     rts430.lib : ctype.obj (.const:_ctypes_)
                  0000ae3d    00000001     --HOLE-- [fill = 0]
                  0000ae3e    0000005a     lcd.obj (.const:lcd_rs)
                  0000ae98    0000002e     dice.obj (.const:.string)
                  0000aec6    00000024     rts430.lib : _printfi.obj (.const:.string)
                  0000aeea    00000022     dicePics.obj (.const:blankSpot)
                  0000af0c    00000022     dicePics.obj (.const:smallSpot)
                  0000af2e    00000022     dicePics.obj (.const:spot)
                  0000af50    0000000a     dicePics.obj (.const:dice1)
                  0000af5a    0000000a     dicePics.obj (.const:dice2)
                  0000af64    0000000a     dicePics.obj (.const:dice3)
                  0000af6e    0000000a     dicePics.obj (.const:dice4)
                  0000af78    0000000a     dicePics.obj (.const:dice6)
                  0000af82    0000000a     dicePics.obj (.const:dice7)
                  0000af8c    0000000a     dicePics.obj (.const:dice8)
                  0000af96    0000000a     dicePics.obj (.const:dice9)

.int07     0    0000ffee    00000002     
                  0000ffee    00000002     eZ430X.obj (.int07)

.int10     0    0000fff4    00000002     
                  0000fff4    00000002     dice.obj (.int10)

.reset     0    0000fffe    00000002     
                  0000fffe    00000002     rts430.lib : boot.obj (.reset)


GLOBAL SYMBOLS: SORTED ALPHABETICALLY BY Name 

address    name
--------   ----
00000200   .bss
00008000   .text
0000004a   ADC10AE0
0000004b   ADC10AE1
000001b0   ADC10CTL0
000001b2   ADC10CTL1
00000048   ADC10DTC0
00000049   ADC10DTC1
000001b4   ADC10MEM
000001bc   ADC10SA
00000057   BCSCTL1
00000058   BCSCTL2
00000053   BCSCTL3
0000ab56   C$$EXIT
000010fb   CALBC1_12MHZ
000010f9   CALBC1_16MHZ
000010ff   CALBC1_1MHZ
000010fd   CALBC1_8MHZ
000010fa   CALDCO_12MHZ
000010f8   CALDCO_16MHZ
000010fe   CALDCO_1MHZ
000010fc   CALDCO_8MHZ
00000056   DCOCTL
0000959c   ERROR2
00000128   FCTL1
0000012a   FCTL2
0000012c   FCTL3
00000000   IE1
00000001   IE2
00000002   IFG1
00000003   IFG2
0000a58e   I_LSR
0000a5d4   I_LSR_1
0000a5b0   I_LSR_10
0000a5ac   I_LSR_11
0000a5a8   I_LSR_12
0000a5a4   I_LSR_13
0000a5a0   I_LSR_14
0000a59c   I_LSR_15
0000a5d0   I_LSR_2
0000a5cc   I_LSR_3
0000a5c8   I_LSR_4
0000a5c4   I_LSR_5
0000a5c0   I_LSR_6
0000a5bc   I_LSR_7
0000a5b8   I_LSR_8
0000a5b4   I_LSR_9
0000a12c   L_LSR
0000a192   L_LSR_1
0000a15c   L_LSR_10
0000a156   L_LSR_11
0000a150   L_LSR_12
0000a14a   L_LSR_13
0000a144   L_LSR_14
0000a13e   L_LSR_15
0000a18c   L_LSR_2
0000a186   L_LSR_3
0000a180   L_LSR_4
0000a17a   L_LSR_5
0000a174   L_LSR_6
0000a16e   L_LSR_7
0000a168   L_LSR_8
0000a162   L_LSR_9
000000c0   OA0CTL0
000000c1   OA0CTL1
000000c2   OA1CTL0
000000c3   OA1CTL1
00000022   P1DIR
00000025   P1IE
00000024   P1IES
00000023   P1IFG
00000020   P1IN
00000021   P1OUT
00000027   P1REN
00000026   P1SEL
0000002a   P2DIR
0000002d   P2IE
0000002c   P2IES
0000002b   P2IFG
00000028   P2IN
00000029   P2OUT
0000002f   P2REN
0000002e   P2SEL
0000001a   P3DIR
00000018   P3IN
00000019   P3OUT
00000010   P3REN
0000001b   P3SEL
0000001e   P4DIR
0000001c   P4IN
0000001d   P4OUT
00000011   P4REN
0000001f   P4SEL
00000172   TACCR0
00000174   TACCR1
00000176   TACCR2
00000162   TACCTL0
00000164   TACCTL1
00000166   TACCTL2
00000160   TACTL
0000012e   TAIV
00000170   TAR
00000192   TBCCR0
00000194   TBCCR1
00000196   TBCCR2
00000182   TBCCTL0
00000184   TBCCTL1
00000186   TBCCTL2
00000180   TBCTL
0000011e   TBIV
00000190   TBR
00000214   TXData
0000005d   UCA0ABCTL
00000062   UCA0BR0
00000063   UCA0BR1
00000060   UCA0CTL0
00000061   UCA0CTL1
0000005f   UCA0IRRCTL
0000005e   UCA0IRTCTL
00000064   UCA0MCTL
00000066   UCA0RXBUF
00000065   UCA0STAT
00000067   UCA0TXBUF
0000006a   UCB0BR0
0000006b   UCB0BR1
00000068   UCB0CTL0
00000069   UCB0CTL1
0000006c   UCB0I2CIE
00000118   UCB0I2COA
0000011a   UCB0I2CSA
0000006e   UCB0RXBUF
0000006d   UCB0STAT
0000006f   UCB0TXBUF
0000a9bc   USCIAB0RX_ISR
00000120   WDTCTL
0000021e   WDT_Delay
0000a26a   WDT_ISR
0000021c   WDT_Sec_Cnt
00000220   WDT_Tone_Cnt
0000aa24   WDT_sleep
00000226   WD_5_sec
00000224   WD_Delay
00000222   WD_Sec_Cnt
00000600   __STACK_END
00000050   __STACK_SIZE
00000001   __TI_args_main
00000001   __TI_auto_init
00000001   __TI_exit
ffffffff   __binit__
00000200   __bss__
ffffffff   __c_args__
ffffffff   __cinit__
0000a91a   __divi
0000a77e   __divli
0000aaba   __divu
0000a394   __divul
00000238   __end__
0000ab5c   __etext__
0000918a   __fs_add
0000a5da   __fs_cmp
00009b64   __fs_div
0000a7be   __fs_itof
0000a624   __fs_ltof
00009aba   __fs_mpy
0000ab48   __fs_neg
00009184   __fs_sub
0000a202   __fs_toi
00009f4c   __fs_tol
0000a66e   __fs_tou
0000aae4   __mpyi
0000a996   __mpyl
ffffffff   __pinit__
0000a91a   __remi
0000a77e   __remli
0000aaba   __remu
0000a394   __remul
00008000   __text__
0000aa64   _c_int00
0000aa64   _c_int00_noinit_noexit
0000022e   _cleanup_ptr
0000ad3c   _ctypes_
00000230   _dtors_ptr
0000022a   _lock
0000ab5a   _nop
00008a38   _printfi
0000fffe   _reset_vector
0000a3ec   _setjmp
000005b0   _stack
0000ab52   _system_pre_init
0000022c   _unlock
0000ab56   abort
0000ab3e   abs
0000a49a   atoi
ffffffff   binit
0000aeea   blankSpot
ffffffff   cinit
0000a0b8   congradulations
0000ab5c   cs
0000af50   dice1
0000af5a   dice2
0000af64   dice3
0000af6e   dice4
0000af78   dice6
0000af82   dice7
0000af8c   dice8
0000af96   dice9
00008000   drawDie
0000886e   drawDieFrame
00009694   eZ430X_init
00000238   end
0000ab5c   etext
0000ab3a   func_epilog_1
0000ab38   func_epilog_2
0000ab36   func_epilog_3
0000ab34   func_epilog_4
0000ab32   func_epilog_5
0000ab30   func_epilog_6
0000ab2e   func_epilog_7
00009e32   getSwitch
0000a946   get_switch
00009dce   getrandSeed
00000200   i2c_context
00000212   i2c_fSCL
0000a334   i2c_write
00009d24   i2c_write2
00009db4   initRand16
0000a85c   init_USCI_B0
0000aa44   lcd_WC
0000a88c   lcd_WC2
0000a73e   lcd_WD
0000aa82   lcd_backlight
0000a19a   lcd_clear
0000a2d0   lcd_cursor
0000a444   lcd_display
00009960   lcd_image
0000987e   lcd_init
0000a4ee   lcd_printf
0000838e   lcd_putchar
0000ae3e   lcd_rs
0000a8bc   lcd_setColumnPage
00000228   lightOff
0000a418   longjmp
00009ec8   ltoa
00008bee   main
0000a96e   memccpy
0000ab0a   memcpy
0000aad0   memset
ffffffff   pinit
00009de8   rand16
00009dd4   rand6
0000a3ec   setjmp
00009dc8   setrandSeed
0000af0c   smallSpot
0000af2e   spot
0000ab1c   strlen
0000a828   vsprintf
0000a8ec   wait
0000a6b4   wait_i2c_ack
0000aa02   wait_i2c_stop


GLOBAL SYMBOLS: SORTED BY Symbol Address 

address    name
--------   ----
00000000   IE1
00000001   IE2
00000001   __TI_args_main
00000001   __TI_auto_init
00000001   __TI_exit
00000002   IFG1
00000003   IFG2
00000010   P3REN
00000011   P4REN
00000018   P3IN
00000019   P3OUT
0000001a   P3DIR
0000001b   P3SEL
0000001c   P4IN
0000001d   P4OUT
0000001e   P4DIR
0000001f   P4SEL
00000020   P1IN
00000021   P1OUT
00000022   P1DIR
00000023   P1IFG
00000024   P1IES
00000025   P1IE
00000026   P1SEL
00000027   P1REN
00000028   P2IN
00000029   P2OUT
0000002a   P2DIR
0000002b   P2IFG
0000002c   P2IES
0000002d   P2IE
0000002e   P2SEL
0000002f   P2REN
00000048   ADC10DTC0
00000049   ADC10DTC1
0000004a   ADC10AE0
0000004b   ADC10AE1
00000050   __STACK_SIZE
00000053   BCSCTL3
00000056   DCOCTL
00000057   BCSCTL1
00000058   BCSCTL2
0000005d   UCA0ABCTL
0000005e   UCA0IRTCTL
0000005f   UCA0IRRCTL
00000060   UCA0CTL0
00000061   UCA0CTL1
00000062   UCA0BR0
00000063   UCA0BR1
00000064   UCA0MCTL
00000065   UCA0STAT
00000066   UCA0RXBUF
00000067   UCA0TXBUF
00000068   UCB0CTL0
00000069   UCB0CTL1
0000006a   UCB0BR0
0000006b   UCB0BR1
0000006c   UCB0I2CIE
0000006d   UCB0STAT
0000006e   UCB0RXBUF
0000006f   UCB0TXBUF
000000c0   OA0CTL0
000000c1   OA0CTL1
000000c2   OA1CTL0
000000c3   OA1CTL1
00000118   UCB0I2COA
0000011a   UCB0I2CSA
0000011e   TBIV
00000120   WDTCTL
00000128   FCTL1
0000012a   FCTL2
0000012c   FCTL3
0000012e   TAIV
00000160   TACTL
00000162   TACCTL0
00000164   TACCTL1
00000166   TACCTL2
00000170   TAR
00000172   TACCR0
00000174   TACCR1
00000176   TACCR2
00000180   TBCTL
00000182   TBCCTL0
00000184   TBCCTL1
00000186   TBCCTL2
00000190   TBR
00000192   TBCCR0
00000194   TBCCR1
00000196   TBCCR2
000001b0   ADC10CTL0
000001b2   ADC10CTL1
000001b4   ADC10MEM
000001bc   ADC10SA
00000200   .bss
00000200   __bss__
00000200   i2c_context
00000212   i2c_fSCL
00000214   TXData
0000021c   WDT_Sec_Cnt
0000021e   WDT_Delay
00000220   WDT_Tone_Cnt
00000222   WD_Sec_Cnt
00000224   WD_Delay
00000226   WD_5_sec
00000228   lightOff
0000022a   _lock
0000022c   _unlock
0000022e   _cleanup_ptr
00000230   _dtors_ptr
00000238   __end__
00000238   end
000005b0   _stack
00000600   __STACK_END
000010f8   CALDCO_16MHZ
000010f9   CALBC1_16MHZ
000010fa   CALDCO_12MHZ
000010fb   CALBC1_12MHZ
000010fc   CALDCO_8MHZ
000010fd   CALBC1_8MHZ
000010fe   CALDCO_1MHZ
000010ff   CALBC1_1MHZ
00008000   .text
00008000   __text__
00008000   drawDie
0000838e   lcd_putchar
0000886e   drawDieFrame
00008a38   _printfi
00008bee   main
00009184   __fs_sub
0000918a   __fs_add
0000959c   ERROR2
00009694   eZ430X_init
0000987e   lcd_init
00009960   lcd_image
00009aba   __fs_mpy
00009b64   __fs_div
00009d24   i2c_write2
00009db4   initRand16
00009dc8   setrandSeed
00009dce   getrandSeed
00009dd4   rand6
00009de8   rand16
00009e32   getSwitch
00009ec8   ltoa
00009f4c   __fs_tol
0000a0b8   congradulations
0000a12c   L_LSR
0000a13e   L_LSR_15
0000a144   L_LSR_14
0000a14a   L_LSR_13
0000a150   L_LSR_12
0000a156   L_LSR_11
0000a15c   L_LSR_10
0000a162   L_LSR_9
0000a168   L_LSR_8
0000a16e   L_LSR_7
0000a174   L_LSR_6
0000a17a   L_LSR_5
0000a180   L_LSR_4
0000a186   L_LSR_3
0000a18c   L_LSR_2
0000a192   L_LSR_1
0000a19a   lcd_clear
0000a202   __fs_toi
0000a26a   WDT_ISR
0000a2d0   lcd_cursor
0000a334   i2c_write
0000a394   __divul
0000a394   __remul
0000a3ec   _setjmp
0000a3ec   setjmp
0000a418   longjmp
0000a444   lcd_display
0000a49a   atoi
0000a4ee   lcd_printf
0000a58e   I_LSR
0000a59c   I_LSR_15
0000a5a0   I_LSR_14
0000a5a4   I_LSR_13
0000a5a8   I_LSR_12
0000a5ac   I_LSR_11
0000a5b0   I_LSR_10
0000a5b4   I_LSR_9
0000a5b8   I_LSR_8
0000a5bc   I_LSR_7
0000a5c0   I_LSR_6
0000a5c4   I_LSR_5
0000a5c8   I_LSR_4
0000a5cc   I_LSR_3
0000a5d0   I_LSR_2
0000a5d4   I_LSR_1
0000a5da   __fs_cmp
0000a624   __fs_ltof
0000a66e   __fs_tou
0000a6b4   wait_i2c_ack
0000a73e   lcd_WD
0000a77e   __divli
0000a77e   __remli
0000a7be   __fs_itof
0000a828   vsprintf
0000a85c   init_USCI_B0
0000a88c   lcd_WC2
0000a8bc   lcd_setColumnPage
0000a8ec   wait
0000a91a   __divi
0000a91a   __remi
0000a946   get_switch
0000a96e   memccpy
0000a996   __mpyl
0000a9bc   USCIAB0RX_ISR
0000aa02   wait_i2c_stop
0000aa24   WDT_sleep
0000aa44   lcd_WC
0000aa64   _c_int00
0000aa64   _c_int00_noinit_noexit
0000aa82   lcd_backlight
0000aaba   __divu
0000aaba   __remu
0000aad0   memset
0000aae4   __mpyi
0000ab0a   memcpy
0000ab1c   strlen
0000ab2e   func_epilog_7
0000ab30   func_epilog_6
0000ab32   func_epilog_5
0000ab34   func_epilog_4
0000ab36   func_epilog_3
0000ab38   func_epilog_2
0000ab3a   func_epilog_1
0000ab3e   abs
0000ab48   __fs_neg
0000ab52   _system_pre_init
0000ab56   C$$EXIT
0000ab56   abort
0000ab5a   _nop
0000ab5c   __etext__
0000ab5c   cs
0000ab5c   etext
0000ad3c   _ctypes_
0000ae3e   lcd_rs
0000aeea   blankSpot
0000af0c   smallSpot
0000af2e   spot
0000af50   dice1
0000af5a   dice2
0000af64   dice3
0000af6e   dice4
0000af78   dice6
0000af82   dice7
0000af8c   dice8
0000af96   dice9
0000fffe   _reset_vector
ffffffff   __binit__
ffffffff   __c_args__
ffffffff   __cinit__
ffffffff   __pinit__
ffffffff   binit
ffffffff   cinit
ffffffff   pinit

[259 symbols]
