******************************************************************************
       MSP430 Evaluation Linker PC v3.2.1                      
******************************************************************************
>> Linked Tue Aug 02 19:41:44 2011

OUTPUT FILE NAME:   <lab9.out>
ENTRY POINT SYMBOL: "_c_int00"  address: 0000a9e6


MEMORY CONFIGURATION

         name            origin    length      used     unused   attr    fill
----------------------  --------  ---------  --------  --------  ----  --------
  SFR                   00000000   00000010  00000000  00000010  RWIX
  PERIPHERALS_8BIT      00000010   000000f0  00000000  000000f0  RWIX
  PERIPHERALS_16BIT     00000100   00000100  00000000  00000100  RWIX
  RAM                   00000200   00000400  000000a9  00000357  RWIX
  INFOD                 00001000   00000040  00000000  00000040  RWIX
  INFOC                 00001040   00000040  00000000  00000040  RWIX
  INFOB                 00001080   00000040  00000000  00000040  RWIX
  INFOA                 000010c0   00000040  00000000  00000040  RWIX
  FLASH                 00008000   00007fde  00002f7a  00005064  RWIX
  INT00                 0000ffe0   00000002  00000000  00000002  RWIX
  INT01                 0000ffe2   00000002  00000000  00000002  RWIX
  INT02                 0000ffe4   00000002  00000000  00000002  RWIX
  INT03                 0000ffe6   00000002  00000000  00000002  RWIX
  INT04                 0000ffe8   00000002  00000000  00000002  RWIX
  INT05                 0000ffea   00000002  00000002  00000000  RWIX
  INT06                 0000ffec   00000002  00000000  00000002  RWIX
  INT07                 0000ffee   00000002  00000002  00000000  RWIX
  INT08                 0000fff0   00000002  00000000  00000002  RWIX
  INT09                 0000fff2   00000002  00000000  00000002  RWIX
  INT10                 0000fff4   00000002  00000002  00000000  RWIX
  INT11                 0000fff6   00000002  00000000  00000002  RWIX
  INT12                 0000fff8   00000002  00000000  00000002  RWIX
  INT13                 0000fffa   00000002  00000000  00000002  RWIX
  INT14                 0000fffc   00000002  00000000  00000002  RWIX
  RESET                 0000fffe   00000002  00000002  00000000  RWIX


SECTION ALLOCATION MAP

 output                                  attributes/
section   page    origin      length       input sections
--------  ----  ----------  ----------   ----------------
.cinit     0    00008000    00000000     UNINITIALIZED

.pinit     0    00008000    00000000     UNINITIALIZED

.bss       0    00000200    00000059     UNINITIALIZED
                  00000200    0000001e     graphics.obj (.bss)
                  0000021e    0000001c     eZ430X.obj (.bss)
                  0000023a    00000014     etch-a-sketch.obj (.bss)
                  0000024e    00000004     rts430.lib : _lock.obj (.bss)
                  00000252    00000004                : boot.obj (.bss)
                  00000256    00000003     lcd.obj (.bss)

.stack     0    000005b0    00000050     UNINITIALIZED
                  000005b0    00000002     rts430.lib : boot.obj (.stack)
                  000005b2    0000004e     --HOLE--

.text      0    00008000    00002aea     
                  00008000    000002ca     lcd.obj (.text:lcd_putchar)
                  000082ca    00000216     rts430.lib : _printfi.obj (.text:_setfield)
                  000084e0    00000202     etch-a-sketch.obj (.text:main)
                  000086e2    000001b6     rts430.lib : _printfi.obj (.text:_printfi)
                  00008898    000001b0     graphics.obj (.text:lcd_point)
                  00008a48    00000168     rts430.lib : _printfi.obj (.text:ecvt)
                  00008bb0    00000160                : _printfi.obj (.text:fcvt)
                  00008d10    00000154                : _printfi.obj (.text:_pconv_e)
                  00008e64    0000012a     eZ430X.obj (.text:i2c_read)
                  00008f8e    00000118     etch-a-sketch.obj (.text:lineTo)
                  000090a6    00000118     rts430.lib : fs_add.obj (.text)
                  000091be    00000102                : _printfi.obj (.text:_pconv_g)
                  000092c0    00000100                : _printfi.obj (.text:_getarg_diouxp)
                  000093c0    000000fe                : _printfi.obj (.text:_pproc_fwp)
                  000094be    000000f8     eZ430X.obj (.text:ERROR2)
                  000095b6    000000f8     eZ430X.obj (.text:eZ430X_init)
                  000096ae    000000f2     rts430.lib : _printfi.obj (.text:_pproc_diouxp)
                  000097a0    000000e2     lcd.obj (.text:lcd_init)
                  00009882    000000d8     adc.obj (.text:ADC_read)
                  0000995a    000000ae     lcd.obj (.text:lcd_image)
                  00009a08    000000ac     rts430.lib : _printfi.obj (.text:_pproc_str)
                  00009ab4    000000aa                : fs_mpy.obj (.text)
                  00009b5e    0000009a                : fs_div.obj (.text)
                  00009bf8    00000096                : _printfi.obj (.text:_ltostr)
                  00009c8e    00000090                : _printfi.obj (.text:_mcpy)
                  00009d1e    00000090     eZ430X.obj (.text:i2c_write2)
                  00009dae    00000086     rts430.lib : _printfi.obj (.text:_pproc_fge)
                  00009e34    00000084                : ltoa.obj (.text:ltoa)
                  00009eb8    00000082     graphics.obj (.text:lcd_FRAM_init)
                  00009f3a    0000007e     rts430.lib : fs_tol.obj (.text)
                  00009fb8    0000007a                : _printfi.obj (.text:_ecpy)
                  0000a032    00000074                : _printfi.obj (.text:_pconv_f)
                  0000a0a6    00000070     graphics.obj (.text:FRAM_write)
                  0000a116    0000006e     rts430.lib : lsr32.obj (.text)
                  0000a184    00000068     lcd.obj (.text:lcd_clear)
                  0000a1ec    00000064     lcd.obj (.text:lcd_cursor)
                  0000a250    00000062     etch-a-sketch.obj (.text:WDT_ISR)
                  0000a2b2    00000060     eZ430X.obj (.text:i2c_write)
                  0000a312    00000058     rts430.lib : div32u.obj (.text)
                  0000a36a    00000058                : setjmp.obj (.text)
                  0000a3c2    00000056     lcd.obj (.text:lcd_display)
                  0000a418    00000054     rts430.lib : atoi.obj (.text:atoi)
                  0000a46c    00000052     lcd.obj (.text:lcd_printf)
                  0000a4be    0000004e     rts430.lib : _printfi.obj (.text:_fcpy)
                  0000a50c    0000004c                : lsr16.obj (.text)
                  0000a558    0000004a                : fs_cmp.obj (.text)
                  0000a5a2    0000004a                : fs_ltof.obj (.text)
                  0000a5ec    00000046                : fs_tou.obj (.text)
                  0000a632    00000046     eZ430X.obj (.text:wait_i2c_ack)
                  0000a678    00000044     rts430.lib : _printfi.obj (.text:_pproc_fflags)
                  0000a6bc    00000040     lcd.obj (.text:lcd_WD)
                  0000a6fc    00000040     rts430.lib : div32s.obj (.text)
                  0000a73c    00000036                : fs_itof.obj (.text)
                  0000a772    00000034                : _printfi.obj (.text:_div)
                  0000a7a6    00000034                : vsprintf.obj (.text:vsprintf)
                  0000a7da    00000030     eZ430X.obj (.text:init_USCI_B0)
                  0000a80a    00000030     lcd.obj (.text:lcd_WC2)
                  0000a83a    00000030     lcd.obj (.text:lcd_setColumnPage)
                  0000a86a    0000002e     eZ430X.obj (.text:wait)
                  0000a898    0000002c     rts430.lib : div16s.obj (.text)
                  0000a8c4    0000002c                : lsl16.obj (.text)
                  0000a8f0    00000028                : memccpy.obj (.text:memccpy)
                  0000a918    00000026                : mult32.obj (.text)
                  0000a93e    00000024     eZ430X.obj (.text:USCIAB0RX_ISR)
                  0000a962    00000022     eZ430X.obj (.text:tdelay)
                  0000a984    00000022     eZ430X.obj (.text:wait_i2c_stop)
                  0000a9a6    00000020     etch-a-sketch.obj (.text:WDT_sleep)
                  0000a9c6    00000020     lcd.obj (.text:lcd_WC)
                  0000a9e6    0000001e     rts430.lib : boot.obj (.text:_c_int00_noinit_noexit)
                  0000aa04    0000001e     lcd.obj (.text:lcd_backlight)
                  0000aa22    0000001a     rts430.lib : vsprintf.obj (.text:_outs)
                  0000aa3c    00000016                : div16u.obj (.text)
                  0000aa52    00000014                : memset.obj (.text:memset)
                  0000aa66    00000014                : mult16.obj (.text)
                  0000aa7a    00000012                : vsprintf.obj (.text:_outc)
                  0000aa8c    00000012                : memcpy.obj (.text:memcpy)
                  0000aa9e    00000012                : strlen.obj (.text:strlen)
                  0000aab0    00000010                : epilog.obj (.text)
                  0000aac0    0000000a                : abs.obj (.text:abs)
                  0000aaca    0000000a                : fs_neg.obj (.text)
                  0000aad4    00000008     adc.obj (.text:ADC10_ISR)
                  0000aadc    00000004     adc.obj (.text:ADC_init)
                  0000aae0    00000004     rts430.lib : pre_init.obj (.text:_system_pre_init)
                  0000aae4    00000004                : exit.obj (.text:abort)
                  0000aae8    00000002                : _lock.obj (.text:_nop)

.const     0    0000aaea    00000490     
                  0000aaea    000001e0     lcd.obj (.const:cs)
                  0000acca    00000113     lcd.obj (.const:byu_image)
                  0000addd    00000001     --HOLE-- [fill = 0]
                  0000adde    00000101     rts430.lib : ctype.obj (.const:_ctypes_)
                  0000aedf    00000001     --HOLE-- [fill = 0]
                  0000aee0    0000005a     lcd.obj (.const:lcd_rs)
                  0000af3a    00000024     rts430.lib : _printfi.obj (.const:.string)
                  0000af5e    0000001c     etch-a-sketch.obj (.const:.string)

.int05     0    0000ffea    00000002     
                  0000ffea    00000002     adc.obj (.int05)

.int07     0    0000ffee    00000002     
                  0000ffee    00000002     eZ430X.obj (.int07)

.int10     0    0000fff4    00000002     
                  0000fff4    00000002     etch-a-sketch.obj (.int10)

.reset     0    0000fffe    00000002     
                  0000fffe    00000002     rts430.lib : boot.obj (.reset)


GLOBAL SYMBOLS: SORTED ALPHABETICALLY BY Name 

address    name
--------   ----
00000200   .bss
00008000   .text
0000004a   ADC10AE0
0000004b   ADC10AE1
000001b0   ADC10CTL0
000001b2   ADC10CTL1
00000048   ADC10DTC0
00000049   ADC10DTC1
000001b4   ADC10MEM
000001bc   ADC10SA
0000aad4   ADC10_ISR
0000aadc   ADC_init
00009882   ADC_read
00000057   BCSCTL1
00000058   BCSCTL2
00000053   BCSCTL3
0000aae4   C$$EXIT
000010fb   CALBC1_12MHZ
000010f9   CALBC1_16MHZ
000010ff   CALBC1_1MHZ
000010fd   CALBC1_8MHZ
000010fa   CALDCO_12MHZ
000010f8   CALDCO_16MHZ
000010fe   CALDCO_1MHZ
000010fc   CALDCO_8MHZ
00000056   DCOCTL
000094be   ERROR2
00000128   FCTL1
0000012a   FCTL2
0000012c   FCTL3
0000021c   FRAM_address
00000200   FRAM_cache
0000a0a6   FRAM_write
00000000   IE1
00000001   IE2
00000002   IFG1
00000003   IFG2
0000a8c4   I_LSL
0000a8ec   I_LSL_1
0000a8da   I_LSL_10
0000a8d8   I_LSL_11
0000a8d6   I_LSL_12
0000a8d4   I_LSL_13
0000a8d2   I_LSL_14
0000a8d0   I_LSL_15
0000a8ea   I_LSL_2
0000a8e8   I_LSL_3
0000a8e6   I_LSL_4
0000a8e4   I_LSL_5
0000a8e2   I_LSL_6
0000a8e0   I_LSL_7
0000a8de   I_LSL_8
0000a8dc   I_LSL_9
0000a50c   I_LSR
0000a552   I_LSR_1
0000a52e   I_LSR_10
0000a52a   I_LSR_11
0000a526   I_LSR_12
0000a522   I_LSR_13
0000a51e   I_LSR_14
0000a51a   I_LSR_15
0000a54e   I_LSR_2
0000a54a   I_LSR_3
0000a546   I_LSR_4
0000a542   I_LSR_5
0000a53e   I_LSR_6
0000a53a   I_LSR_7
0000a536   I_LSR_8
0000a532   I_LSR_9
0000a116   L_LSR
0000a17c   L_LSR_1
0000a146   L_LSR_10
0000a140   L_LSR_11
0000a13a   L_LSR_12
0000a134   L_LSR_13
0000a12e   L_LSR_14
0000a128   L_LSR_15
0000a176   L_LSR_2
0000a170   L_LSR_3
0000a16a   L_LSR_4
0000a164   L_LSR_5
0000a15e   L_LSR_6
0000a158   L_LSR_7
0000a152   L_LSR_8
0000a14c   L_LSR_9
000000c0   OA0CTL0
000000c1   OA0CTL1
000000c2   OA1CTL0
000000c3   OA1CTL1
00000022   P1DIR
00000025   P1IE
00000024   P1IES
00000023   P1IFG
00000020   P1IN
00000021   P1OUT
00000027   P1REN
00000026   P1SEL
0000002a   P2DIR
0000002d   P2IE
0000002c   P2IES
0000002b   P2IFG
00000028   P2IN
00000029   P2OUT
0000002f   P2REN
0000002e   P2SEL
0000001a   P3DIR
00000018   P3IN
00000019   P3OUT
00000010   P3REN
0000001b   P3SEL
0000001e   P4DIR
0000001c   P4IN
0000001d   P4OUT
00000011   P4REN
0000001f   P4SEL
00000172   TACCR0
00000174   TACCR1
00000176   TACCR2
00000162   TACCTL0
00000164   TACCTL1
00000166   TACCTL2
00000160   TACTL
0000012e   TAIV
00000170   TAR
00000192   TBCCR0
00000194   TBCCR1
00000196   TBCCR2
00000182   TBCCTL0
00000184   TBCCTL1
00000186   TBCCTL2
00000180   TBCTL
0000011e   TBIV
00000190   TBR
00000232   TXData
0000005d   UCA0ABCTL
00000062   UCA0BR0
00000063   UCA0BR1
00000060   UCA0CTL0
00000061   UCA0CTL1
0000005f   UCA0IRRCTL
0000005e   UCA0IRTCTL
00000064   UCA0MCTL
00000066   UCA0RXBUF
00000065   UCA0STAT
00000067   UCA0TXBUF
0000006a   UCB0BR0
0000006b   UCB0BR1
00000068   UCB0CTL0
00000069   UCB0CTL1
0000006c   UCB0I2CIE
00000118   UCB0I2COA
0000011a   UCB0I2CSA
0000006e   UCB0RXBUF
0000006d   UCB0STAT
0000006f   UCB0TXBUF
0000a93e   USCIAB0RX_ISR
00000120   WDTCTL
00000244   WDT_Delay
0000a250   WDT_ISR
0000023a   WDT_cps_cnt
0000a9a6   WDT_sleep
00000600   __STACK_END
00000050   __STACK_SIZE
00000001   __TI_args_main
00000001   __TI_auto_init
00000001   __TI_exit
ffffffff   __binit__
00000200   __bss__
ffffffff   __c_args__
ffffffff   __cinit__
0000a898   __divi
0000a6fc   __divli
0000aa3c   __divu
0000a312   __divul
00000259   __end__
0000aaea   __etext__
000090ac   __fs_add
0000a558   __fs_cmp
00009b5e   __fs_div
0000a73c   __fs_itof
0000a5a2   __fs_ltof
00009ab4   __fs_mpy
0000aaca   __fs_neg
000090a6   __fs_sub
00009f3a   __fs_tol
0000a5ec   __fs_tou
0000aa66   __mpyi
0000a918   __mpyl
ffffffff   __pinit__
0000a898   __remi
0000a6fc   __remli
0000aa3c   __remu
0000a312   __remul
00008000   __text__
0000a9e6   _c_int00
0000a9e6   _c_int00_noinit_noexit
00000252   _cleanup_ptr
0000adde   _ctypes_
00000254   _dtors_ptr
0000024e   _lock
0000aae8   _nop
000086e2   _printfi
0000fffe   _reset_vector
0000a36a   _setjmp
000005b0   _stack
0000aae0   _system_pre_init
00000250   _unlock
0000aae4   abort
0000aac0   abs
0000a418   atoi
ffffffff   binit
0000acca   byu_image
ffffffff   cinit
0000024c   counter_5sec
0000aaea   cs
000095b6   eZ430X_init
00000259   end
0000aaea   etext
0000aabc   func_epilog_1
0000aaba   func_epilog_2
0000aab8   func_epilog_3
0000aab6   func_epilog_4
0000aab4   func_epilog_5
0000aab2   func_epilog_6
0000aab0   func_epilog_7
0000021e   i2c_context
00000230   i2c_fSCL
00008e64   i2c_read
0000a2b2   i2c_write
00009d1e   i2c_write2
0000a7da   init_USCI_B0
00009eb8   lcd_FRAM_init
0000a9c6   lcd_WC
0000a80a   lcd_WC2
0000a6bc   lcd_WD
0000aa04   lcd_backlight
0000a184   lcd_clear
0000a1ec   lcd_cursor
0000a3c2   lcd_display
0000995a   lcd_image
000097a0   lcd_init
00008898   lcd_point
0000a46c   lcd_printf
00008000   lcd_putchar
0000aee0   lcd_rs
0000a83a   lcd_setColumnPage
00000248   lightOff
00008f8e   lineTo
00000246   line_drawer
0000a396   longjmp
00009e34   ltoa
000084e0   main
0000a8f0   memccpy
0000aa8c   memcpy
0000aa52   memset
00000240   newx
00000242   newy
0000023c   oldx
0000023e   oldy
ffffffff   pinit
0000a36a   setjmp
0000aa9e   strlen
0000024a   switchPressed
0000a7a6   vsprintf
0000a86a   wait
0000a632   wait_i2c_ack
0000a984   wait_i2c_stop


GLOBAL SYMBOLS: SORTED BY Symbol Address 

address    name
--------   ----
00000000   IE1
00000001   IE2
00000001   __TI_args_main
00000001   __TI_auto_init
00000001   __TI_exit
00000002   IFG1
00000003   IFG2
00000010   P3REN
00000011   P4REN
00000018   P3IN
00000019   P3OUT
0000001a   P3DIR
0000001b   P3SEL
0000001c   P4IN
0000001d   P4OUT
0000001e   P4DIR
0000001f   P4SEL
00000020   P1IN
00000021   P1OUT
00000022   P1DIR
00000023   P1IFG
00000024   P1IES
00000025   P1IE
00000026   P1SEL
00000027   P1REN
00000028   P2IN
00000029   P2OUT
0000002a   P2DIR
0000002b   P2IFG
0000002c   P2IES
0000002d   P2IE
0000002e   P2SEL
0000002f   P2REN
00000048   ADC10DTC0
00000049   ADC10DTC1
0000004a   ADC10AE0
0000004b   ADC10AE1
00000050   __STACK_SIZE
00000053   BCSCTL3
00000056   DCOCTL
00000057   BCSCTL1
00000058   BCSCTL2
0000005d   UCA0ABCTL
0000005e   UCA0IRTCTL
0000005f   UCA0IRRCTL
00000060   UCA0CTL0
00000061   UCA0CTL1
00000062   UCA0BR0
00000063   UCA0BR1
00000064   UCA0MCTL
00000065   UCA0STAT
00000066   UCA0RXBUF
00000067   UCA0TXBUF
00000068   UCB0CTL0
00000069   UCB0CTL1
0000006a   UCB0BR0
0000006b   UCB0BR1
0000006c   UCB0I2CIE
0000006d   UCB0STAT
0000006e   UCB0RXBUF
0000006f   UCB0TXBUF
000000c0   OA0CTL0
000000c1   OA0CTL1
000000c2   OA1CTL0
000000c3   OA1CTL1
00000118   UCB0I2COA
0000011a   UCB0I2CSA
0000011e   TBIV
00000120   WDTCTL
00000128   FCTL1
0000012a   FCTL2
0000012c   FCTL3
0000012e   TAIV
00000160   TACTL
00000162   TACCTL0
00000164   TACCTL1
00000166   TACCTL2
00000170   TAR
00000172   TACCR0
00000174   TACCR1
00000176   TACCR2
00000180   TBCTL
00000182   TBCCTL0
00000184   TBCCTL1
00000186   TBCCTL2
00000190   TBR
00000192   TBCCR0
00000194   TBCCR1
00000196   TBCCR2
000001b0   ADC10CTL0
000001b2   ADC10CTL1
000001b4   ADC10MEM
000001bc   ADC10SA
00000200   .bss
00000200   FRAM_cache
00000200   __bss__
0000021c   FRAM_address
0000021e   i2c_context
00000230   i2c_fSCL
00000232   TXData
0000023a   WDT_cps_cnt
0000023c   oldx
0000023e   oldy
00000240   newx
00000242   newy
00000244   WDT_Delay
00000246   line_drawer
00000248   lightOff
0000024a   switchPressed
0000024c   counter_5sec
0000024e   _lock
00000250   _unlock
00000252   _cleanup_ptr
00000254   _dtors_ptr
00000259   __end__
00000259   end
000005b0   _stack
00000600   __STACK_END
000010f8   CALDCO_16MHZ
000010f9   CALBC1_16MHZ
000010fa   CALDCO_12MHZ
000010fb   CALBC1_12MHZ
000010fc   CALDCO_8MHZ
000010fd   CALBC1_8MHZ
000010fe   CALDCO_1MHZ
000010ff   CALBC1_1MHZ
00008000   .text
00008000   __text__
00008000   lcd_putchar
000084e0   main
000086e2   _printfi
00008898   lcd_point
00008e64   i2c_read
00008f8e   lineTo
000090a6   __fs_sub
000090ac   __fs_add
000094be   ERROR2
000095b6   eZ430X_init
000097a0   lcd_init
00009882   ADC_read
0000995a   lcd_image
00009ab4   __fs_mpy
00009b5e   __fs_div
00009d1e   i2c_write2
00009e34   ltoa
00009eb8   lcd_FRAM_init
00009f3a   __fs_tol
0000a0a6   FRAM_write
0000a116   L_LSR
0000a128   L_LSR_15
0000a12e   L_LSR_14
0000a134   L_LSR_13
0000a13a   L_LSR_12
0000a140   L_LSR_11
0000a146   L_LSR_10
0000a14c   L_LSR_9
0000a152   L_LSR_8
0000a158   L_LSR_7
0000a15e   L_LSR_6
0000a164   L_LSR_5
0000a16a   L_LSR_4
0000a170   L_LSR_3
0000a176   L_LSR_2
0000a17c   L_LSR_1
0000a184   lcd_clear
0000a1ec   lcd_cursor
0000a250   WDT_ISR
0000a2b2   i2c_write
0000a312   __divul
0000a312   __remul
0000a36a   _setjmp
0000a36a   setjmp
0000a396   longjmp
0000a3c2   lcd_display
0000a418   atoi
0000a46c   lcd_printf
0000a50c   I_LSR
0000a51a   I_LSR_15
0000a51e   I_LSR_14
0000a522   I_LSR_13
0000a526   I_LSR_12
0000a52a   I_LSR_11
0000a52e   I_LSR_10
0000a532   I_LSR_9
0000a536   I_LSR_8
0000a53a   I_LSR_7
0000a53e   I_LSR_6
0000a542   I_LSR_5
0000a546   I_LSR_4
0000a54a   I_LSR_3
0000a54e   I_LSR_2
0000a552   I_LSR_1
0000a558   __fs_cmp
0000a5a2   __fs_ltof
0000a5ec   __fs_tou
0000a632   wait_i2c_ack
0000a6bc   lcd_WD
0000a6fc   __divli
0000a6fc   __remli
0000a73c   __fs_itof
0000a7a6   vsprintf
0000a7da   init_USCI_B0
0000a80a   lcd_WC2
0000a83a   lcd_setColumnPage
0000a86a   wait
0000a898   __divi
0000a898   __remi
0000a8c4   I_LSL
0000a8d0   I_LSL_15
0000a8d2   I_LSL_14
0000a8d4   I_LSL_13
0000a8d6   I_LSL_12
0000a8d8   I_LSL_11
0000a8da   I_LSL_10
0000a8dc   I_LSL_9
0000a8de   I_LSL_8
0000a8e0   I_LSL_7
0000a8e2   I_LSL_6
0000a8e4   I_LSL_5
0000a8e6   I_LSL_4
0000a8e8   I_LSL_3
0000a8ea   I_LSL_2
0000a8ec   I_LSL_1
0000a8f0   memccpy
0000a918   __mpyl
0000a93e   USCIAB0RX_ISR
0000a984   wait_i2c_stop
0000a9a6   WDT_sleep
0000a9c6   lcd_WC
0000a9e6   _c_int00
0000a9e6   _c_int00_noinit_noexit
0000aa04   lcd_backlight
0000aa3c   __divu
0000aa3c   __remu
0000aa52   memset
0000aa66   __mpyi
0000aa8c   memcpy
0000aa9e   strlen
0000aab0   func_epilog_7
0000aab2   func_epilog_6
0000aab4   func_epilog_5
0000aab6   func_epilog_4
0000aab8   func_epilog_3
0000aaba   func_epilog_2
0000aabc   func_epilog_1
0000aac0   abs
0000aaca   __fs_neg
0000aad4   ADC10_ISR
0000aadc   ADC_init
0000aae0   _system_pre_init
0000aae4   C$$EXIT
0000aae4   abort
0000aae8   _nop
0000aaea   __etext__
0000aaea   cs
0000aaea   etext
0000acca   byu_image
0000adde   _ctypes_
0000aee0   lcd_rs
0000fffe   _reset_vector
ffffffff   __binit__
ffffffff   __c_args__
ffffffff   __cinit__
ffffffff   __pinit__
ffffffff   binit
ffffffff   cinit
ffffffff   pinit

[267 symbols]
