******************************************************************************
       MSP430 Evaluation Linker PC v3.2.1                      
******************************************************************************
>> Linked Thu Jul 28 17:04:00 2011

OUTPUT FILE NAME:   <lab8.out>
ENTRY POINT SYMBOL: "_c_int00"  address: 0000aa5c


MEMORY CONFIGURATION

         name            origin    length      used     unused   attr    fill
----------------------  --------  ---------  --------  --------  ----  --------
  SFR                   00000000   00000010  00000000  00000010  RWIX
  PERIPHERALS_8BIT      00000010   000000f0  00000000  000000f0  RWIX
  PERIPHERALS_16BIT     00000100   00000100  00000000  00000100  RWIX
  RAM                   00000200   00000400  00000081  0000037f  RWIX
  INFOD                 00001000   00000040  00000000  00000040  RWIX
  INFOC                 00001040   00000040  00000000  00000040  RWIX
  INFOB                 00001080   00000040  00000000  00000040  RWIX
  INFOA                 000010c0   00000040  00000000  00000040  RWIX
  FLASH                 00008000   00007fde  00003094  00004f4a  RWIX
  INT00                 0000ffe0   00000002  00000000  00000002  RWIX
  INT01                 0000ffe2   00000002  00000000  00000002  RWIX
  INT02                 0000ffe4   00000002  00000000  00000002  RWIX
  INT03                 0000ffe6   00000002  00000002  00000000  RWIX
  INT04                 0000ffe8   00000002  00000000  00000002  RWIX
  INT05                 0000ffea   00000002  00000000  00000002  RWIX
  INT06                 0000ffec   00000002  00000000  00000002  RWIX
  INT07                 0000ffee   00000002  00000002  00000000  RWIX
  INT08                 0000fff0   00000002  00000000  00000002  RWIX
  INT09                 0000fff2   00000002  00000000  00000002  RWIX
  INT10                 0000fff4   00000002  00000002  00000000  RWIX
  INT11                 0000fff6   00000002  00000000  00000002  RWIX
  INT12                 0000fff8   00000002  00000002  00000000  RWIX
  INT13                 0000fffa   00000002  00000000  00000002  RWIX
  INT14                 0000fffc   00000002  00000000  00000002  RWIX
  RESET                 0000fffe   00000002  00000002  00000000  RWIX


SECTION ALLOCATION MAP

 output                                  attributes/
section   page    origin      length       input sections
--------  ----  ----------  ----------   ----------------
.pinit     0    00008000    00000000     UNINITIALIZED

.bss       0    00000200    00000031     UNINITIALIZED
                  00000200    0000001c     eZ430X.obj (.bss)
                  0000021c    00000004     Dice_m.obj (.bss)
                  00000220    00000004     rts430.lib : _lock.obj (.bss)
                  00000224    00000004                : boot.obj (.bss)
                  00000228    00000004                : rand.obj (.bss)
                  0000022c    00000003     lcd.obj (.bss)
                  0000022f    00000002     random.obj (.bss)

.stack     0    000005b0    00000050     UNINITIALIZED
                  000005b0    00000002     rts430.lib : boot.obj (.stack)
                  000005b2    0000004e     --HOLE--

.text      0    00008000    00002c32     
                  00008000    0000038e     dicePics.obj (.text:drawDie)
                  0000838e    000002ca     lcd.obj (.text:lcd_putchar)
                  00008658    00000216     rts430.lib : _printfi.obj (.text:_setfield)
                  0000886e    000001ca     dicePics.obj (.text:drawDieFrame)
                  00008a38    000001b6     rts430.lib : _printfi.obj (.text:_printfi)
                  00008bee    00000168                : _printfi.obj (.text:ecvt)
                  00008d56    00000160                : _printfi.obj (.text:fcvt)
                  00008eb6    00000156     Dice_m.obj (.text:rollDice)
                  0000900c    00000154     rts430.lib : _printfi.obj (.text:_pconv_e)
                  00009160    00000118                : fs_add.obj (.text)
                  00009278    0000010c     Dice_m.obj (.text:main)
                  00009384    00000102     rts430.lib : _printfi.obj (.text:_pconv_g)
                  00009486    00000100                : _printfi.obj (.text:_getarg_diouxp)
                  00009586    000000fe                : _printfi.obj (.text:_pproc_fwp)
                  00009684    000000f8     eZ430X.obj (.text:ERROR2)
                  0000977c    000000f8     eZ430X.obj (.text:eZ430X_init)
                  00009874    000000f2     rts430.lib : _printfi.obj (.text:_pproc_diouxp)
                  00009966    000000e2     lcd.obj (.text:lcd_init)
                  00009a48    000000ae     lcd.obj (.text:lcd_image)
                  00009af6    000000ac     rts430.lib : _printfi.obj (.text:_pproc_str)
                  00009ba2    000000aa                : fs_mpy.obj (.text)
                  00009c4c    0000009a                : fs_div.obj (.text)
                  00009ce6    00000096                : _printfi.obj (.text:_ltostr)
                  00009d7c    00000090                : _printfi.obj (.text:_mcpy)
                  00009e0c    00000090     eZ430X.obj (.text:i2c_write2)
                  00009e9c    00000086     rts430.lib : _printfi.obj (.text:_pproc_fge)
                  00009f22    00000084                : ltoa.obj (.text:ltoa)
                  00009fa6    0000007e     random.obj (.text)
                  0000a024    0000007e     rts430.lib : fs_tol.obj (.text)
                  0000a0a2    0000007a                : _printfi.obj (.text:_ecpy)
                  0000a11c    00000074                : _printfi.obj (.text:_pconv_f)
                  0000a190    00000074     Dice_m.obj (.text:congradulations)
                  0000a204    0000006e     rts430.lib : lsr32.obj (.text)
                  0000a272    00000068     lcd.obj (.text:lcd_clear)
                  0000a2da    00000068     rts430.lib : fs_toi.obj (.text)
                  0000a342    00000064     lcd.obj (.text:lcd_cursor)
                  0000a3a6    00000060     eZ430X.obj (.text:i2c_write)
                  0000a406    00000058     rts430.lib : div32u.obj (.text)
                  0000a45e    00000058                : setjmp.obj (.text)
                  0000a4b6    00000054                : atoi.obj (.text:atoi)
                  0000a50a    00000052     lcd.obj (.text:lcd_printf)
                  0000a55c    0000004e     rts430.lib : _printfi.obj (.text:_fcpy)
                  0000a5aa    0000004c                : lsr16.obj (.text)
                  0000a5f6    0000004a                : fs_cmp.obj (.text)
                  0000a640    0000004a                : fs_ltof.obj (.text)
                  0000a68a    00000046                : autoinit.obj (.text:_auto_init)
                  0000a6d0    00000046                : fs_tou.obj (.text)
                  0000a716    00000046     eZ430X.obj (.text:wait_i2c_ack)
                  0000a75c    00000044     rts430.lib : _printfi.obj (.text:_pproc_fflags)
                  0000a7a0    00000040     lcd.obj (.text:lcd_WD)
                  0000a7e0    00000040     rts430.lib : div32s.obj (.text)
                  0000a820    00000038                : rand.obj (.text:rand)
                  0000a858    00000036                : fs_itof.obj (.text)
                  0000a88e    00000034                : _printfi.obj (.text:_div)
                  0000a8c2    00000034                : vsprintf.obj (.text:vsprintf)
                  0000a8f6    00000030     eZ430X.obj (.text:init_USCI_B0)
                  0000a926    00000030     lcd.obj (.text:lcd_WC2)
                  0000a956    00000030     lcd.obj (.text:lcd_setColumnPage)
                  0000a986    0000002e     eZ430X.obj (.text:wait)
                  0000a9b4    0000002c     Dice_m.obj (.text:port2_init)
                  0000a9e0    0000002c     rts430.lib : div16s.obj (.text)
                  0000aa0c    00000028     Dice_m.obj (.text:WDT_ISR)
                  0000aa34    00000028     rts430.lib : memccpy.obj (.text:memccpy)
                  0000aa5c    00000026                : boot.obj (.text:_c_int00_noexit)
                  0000aa82    00000026                : mult32.obj (.text)
                  0000aaa8    00000024     eZ430X.obj (.text:USCIAB0RX_ISR)
                  0000aacc    00000022     eZ430X.obj (.text:tdelay)
                  0000aaee    00000022     eZ430X.obj (.text:wait_i2c_stop)
                  0000ab10    00000020     lcd.obj (.text:lcd_WC)
                  0000ab30    0000001e     lcd.obj (.text:lcd_backlight)
                  0000ab4e    0000001a     rts430.lib : vsprintf.obj (.text:_outs)
                  0000ab68    00000016                : div16u.obj (.text)
                  0000ab7e    00000014                : memset.obj (.text:memset)
                  0000ab92    00000014                : mult16.obj (.text)
                  0000aba6    00000012                : vsprintf.obj (.text:_outc)
                  0000abb8    00000012                : memcpy.obj (.text:memcpy)
                  0000abca    00000012                : strlen.obj (.text:strlen)
                  0000abdc    00000010                : epilog.obj (.text)
                  0000abec    0000000e     Dice_m.obj (.text:Port_2)
                  0000abfa    0000000e     Dice_m.obj (.text:boop)
                  0000ac08    0000000c     Dice_m.obj (.text:TMB_ISR)
                  0000ac14    0000000a     rts430.lib : abs.obj (.text:abs)
                  0000ac1e    0000000a                : fs_neg.obj (.text)
                  0000ac28    00000004                : pre_init.obj (.text:_system_pre_init)
                  0000ac2c    00000004                : exit.obj (.text:abort)
                  0000ac30    00000002                : _lock.obj (.text:_nop)

.const     0    0000ac32    0000044a     
                  0000ac32    000001e0     lcd.obj (.const:cs)
                  0000ae12    00000101     rts430.lib : ctype.obj (.const:_ctypes_)
                  0000af13    00000001     --HOLE-- [fill = 0]
                  0000af14    0000005a     lcd.obj (.const:lcd_rs)
                  0000af6e    00000034     Dice_m.obj (.const:.string)
                  0000afa2    00000024     rts430.lib : _printfi.obj (.const:.string)
                  0000afc6    00000022     dicePics.obj (.const:blankSpot)
                  0000afe8    00000022     dicePics.obj (.const:smallSpot)
                  0000b00a    00000022     dicePics.obj (.const:spot)
                  0000b02c    0000000a     dicePics.obj (.const:dice1)
                  0000b036    0000000a     dicePics.obj (.const:dice2)
                  0000b040    0000000a     dicePics.obj (.const:dice3)
                  0000b04a    0000000a     dicePics.obj (.const:dice4)
                  0000b054    0000000a     dicePics.obj (.const:dice6)
                  0000b05e    0000000a     dicePics.obj (.const:dice7)
                  0000b068    0000000a     dicePics.obj (.const:dice8)
                  0000b072    0000000a     dicePics.obj (.const:dice9)

.cinit     0    0000b07c    00000018     
                  0000b07c    0000000c     Dice_m.obj (.cinit)
                  0000b088    00000008     rts430.lib : rand.obj (.cinit)
                  0000b090    00000004     --HOLE-- [fill = 0]

.int03     0    0000ffe6    00000002     
                  0000ffe6    00000002     Dice_m.obj (.int03)

.int07     0    0000ffee    00000002     
                  0000ffee    00000002     eZ430X.obj (.int07)

.int10     0    0000fff4    00000002     
                  0000fff4    00000002     Dice_m.obj (.int10)

.int12     0    0000fff8    00000002     
                  0000fff8    00000002     Dice_m.obj (.int12)

.reset     0    0000fffe    00000002     
                  0000fffe    00000002     rts430.lib : boot.obj (.reset)


GLOBAL SYMBOLS: SORTED ALPHABETICALLY BY Name 

address    name
--------   ----
00000200   .bss
00008000   .text
0000004a   ADC10AE0
0000004b   ADC10AE1
000001b0   ADC10CTL0
000001b2   ADC10CTL1
00000048   ADC10DTC0
00000049   ADC10DTC1
000001b4   ADC10MEM
000001bc   ADC10SA
00000057   BCSCTL1
00000058   BCSCTL2
00000053   BCSCTL3
0000ac2c   C$$EXIT
000010fb   CALBC1_12MHZ
000010f9   CALBC1_16MHZ
000010ff   CALBC1_1MHZ
000010fd   CALBC1_8MHZ
000010fa   CALDCO_12MHZ
000010f8   CALDCO_16MHZ
000010fe   CALDCO_1MHZ
000010fc   CALDCO_8MHZ
00000056   DCOCTL
00009684   ERROR2
00000128   FCTL1
0000012a   FCTL2
0000012c   FCTL3
00000000   IE1
00000001   IE2
00000002   IFG1
00000003   IFG2
0000a5aa   I_LSR
0000a5f0   I_LSR_1
0000a5cc   I_LSR_10
0000a5c8   I_LSR_11
0000a5c4   I_LSR_12
0000a5c0   I_LSR_13
0000a5bc   I_LSR_14
0000a5b8   I_LSR_15
0000a5ec   I_LSR_2
0000a5e8   I_LSR_3
0000a5e4   I_LSR_4
0000a5e0   I_LSR_5
0000a5dc   I_LSR_6
0000a5d8   I_LSR_7
0000a5d4   I_LSR_8
0000a5d0   I_LSR_9
0000a204   L_LSR
0000a26a   L_LSR_1
0000a234   L_LSR_10
0000a22e   L_LSR_11
0000a228   L_LSR_12
0000a222   L_LSR_13
0000a21c   L_LSR_14
0000a216   L_LSR_15
0000a264   L_LSR_2
0000a25e   L_LSR_3
0000a258   L_LSR_4
0000a252   L_LSR_5
0000a24c   L_LSR_6
0000a246   L_LSR_7
0000a240   L_LSR_8
0000a23a   L_LSR_9
000000c0   OA0CTL0
000000c1   OA0CTL1
000000c2   OA1CTL0
000000c3   OA1CTL1
00000022   P1DIR
00000025   P1IE
00000024   P1IES
00000023   P1IFG
00000020   P1IN
00000021   P1OUT
00000027   P1REN
00000026   P1SEL
0000002a   P2DIR
0000002d   P2IE
0000002c   P2IES
0000002b   P2IFG
00000028   P2IN
00000029   P2OUT
0000002f   P2REN
0000002e   P2SEL
0000001a   P3DIR
00000018   P3IN
00000019   P3OUT
00000010   P3REN
0000001b   P3SEL
0000001e   P4DIR
0000001c   P4IN
0000001d   P4OUT
00000011   P4REN
0000001f   P4SEL
0000abec   Port_2
00000172   TACCR0
00000174   TACCR1
00000176   TACCR2
00000162   TACCTL0
00000164   TACCTL1
00000166   TACCTL2
00000160   TACTL
0000012e   TAIV
00000170   TAR
00000192   TBCCR0
00000194   TBCCR1
00000196   TBCCR2
00000182   TBCCTL0
00000184   TBCCTL1
00000186   TBCCTL2
00000180   TBCTL
0000011e   TBIV
00000190   TBR
0000ac08   TMB_ISR
00000214   TXData
0000005d   UCA0ABCTL
00000062   UCA0BR0
00000063   UCA0BR1
00000060   UCA0CTL0
00000061   UCA0CTL1
0000005f   UCA0IRRCTL
0000005e   UCA0IRTCTL
00000064   UCA0MCTL
00000066   UCA0RXBUF
00000065   UCA0STAT
00000067   UCA0TXBUF
0000006a   UCB0BR0
0000006b   UCB0BR1
00000068   UCB0CTL0
00000069   UCB0CTL1
0000006c   UCB0I2CIE
00000118   UCB0I2COA
0000011a   UCB0I2CSA
0000006e   UCB0RXBUF
0000006d   UCB0STAT
0000006f   UCB0TXBUF
0000aaa8   USCIAB0RX_ISR
00000120   WDTCTL
0000021c   WDTSecCnt
0000aa0c   WDT_ISR
00000600   __STACK_END
00000050   __STACK_SIZE
00000001   __TI_args_main
00000001   __TI_auto_init
00000001   __TI_exit
ffffffff   __binit__
00000200   __bss__
ffffffff   __c_args__
0000b07c   __cinit__
0000a9e0   __divi
0000a7e0   __divli
0000ab68   __divu
0000a406   __divul
00000231   __end__
0000ac32   __etext__
00009166   __fs_add
0000a5f6   __fs_cmp
00009c4c   __fs_div
0000a858   __fs_itof
0000a640   __fs_ltof
00009ba2   __fs_mpy
0000ac1e   __fs_neg
00009160   __fs_sub
0000a2da   __fs_toi
0000a024   __fs_tol
0000a6d0   __fs_tou
0000ab92   __mpyi
0000aa82   __mpyl
ffffffff   __pinit__
0000a9e0   __remi
0000a7e0   __remli
0000ab68   __remu
0000a406   __remul
00008000   __text__
0000a68a   _auto_init
0000aa5c   _c_int00
0000aa5c   _c_int00_noexit
00000224   _cleanup_ptr
0000ae12   _ctypes_
00000226   _dtors_ptr
00000220   _lock
0000ac30   _nop
00008a38   _printfi
0000fffe   _reset_vector
0000a45e   _setjmp
000005b0   _stack
0000ac28   _system_pre_init
00000222   _unlock
0000ac2c   abort
0000ac14   abs
0000a4b6   atoi
ffffffff   binit
0000afc6   blankSpot
0000abfa   boop
0000b07c   cinit
0000a190   congradulations
0000ac32   cs
0000b02c   dice1
0000b036   dice2
0000b040   dice3
0000b04a   dice4
0000b054   dice6
0000b05e   dice7
0000b068   dice8
0000b072   dice9
00008000   drawDie
0000886e   drawDieFrame
0000977c   eZ430X_init
00000231   end
0000ac32   etext
0000abe8   func_epilog_1
0000abe6   func_epilog_2
0000abe4   func_epilog_3
0000abe2   func_epilog_4
0000abe0   func_epilog_5
0000abde   func_epilog_6
0000abdc   func_epilog_7
00009fc0   getrandSeed
00000200   i2c_context
00000212   i2c_fSCL
0000a3a6   i2c_write
00009e0c   i2c_write2
00009fa6   initRand16
0000a8f6   init_USCI_B0
0000ab10   lcd_WC
0000a926   lcd_WC2
0000a7a0   lcd_WD
0000ab30   lcd_backlight
0000a272   lcd_clear
0000a342   lcd_cursor
00009a48   lcd_image
00009966   lcd_init
0000a50a   lcd_printf
0000838e   lcd_putchar
0000af14   lcd_rs
0000a956   lcd_setColumnPage
0000a48a   longjmp
00009f22   ltoa
00009278   main
0000aa34   memccpy
0000abb8   memcpy
0000ab7e   memset
ffffffff   pinit
0000a9b4   port2_init
0000a820   rand
00009fda   rand16
00009fc6   rand6
00008eb6   rollDice
0000021e   seconds
0000a45e   setjmp
00009fba   setrandSeed
0000afe8   smallSpot
0000b00a   spot
0000abca   strlen
0000a8c2   vsprintf
0000a986   wait
0000a716   wait_i2c_ack
0000aaee   wait_i2c_stop


GLOBAL SYMBOLS: SORTED BY Symbol Address 

address    name
--------   ----
00000000   IE1
00000001   IE2
00000001   __TI_args_main
00000001   __TI_auto_init
00000001   __TI_exit
00000002   IFG1
00000003   IFG2
00000010   P3REN
00000011   P4REN
00000018   P3IN
00000019   P3OUT
0000001a   P3DIR
0000001b   P3SEL
0000001c   P4IN
0000001d   P4OUT
0000001e   P4DIR
0000001f   P4SEL
00000020   P1IN
00000021   P1OUT
00000022   P1DIR
00000023   P1IFG
00000024   P1IES
00000025   P1IE
00000026   P1SEL
00000027   P1REN
00000028   P2IN
00000029   P2OUT
0000002a   P2DIR
0000002b   P2IFG
0000002c   P2IES
0000002d   P2IE
0000002e   P2SEL
0000002f   P2REN
00000048   ADC10DTC0
00000049   ADC10DTC1
0000004a   ADC10AE0
0000004b   ADC10AE1
00000050   __STACK_SIZE
00000053   BCSCTL3
00000056   DCOCTL
00000057   BCSCTL1
00000058   BCSCTL2
0000005d   UCA0ABCTL
0000005e   UCA0IRTCTL
0000005f   UCA0IRRCTL
00000060   UCA0CTL0
00000061   UCA0CTL1
00000062   UCA0BR0
00000063   UCA0BR1
00000064   UCA0MCTL
00000065   UCA0STAT
00000066   UCA0RXBUF
00000067   UCA0TXBUF
00000068   UCB0CTL0
00000069   UCB0CTL1
0000006a   UCB0BR0
0000006b   UCB0BR1
0000006c   UCB0I2CIE
0000006d   UCB0STAT
0000006e   UCB0RXBUF
0000006f   UCB0TXBUF
000000c0   OA0CTL0
000000c1   OA0CTL1
000000c2   OA1CTL0
000000c3   OA1CTL1
00000118   UCB0I2COA
0000011a   UCB0I2CSA
0000011e   TBIV
00000120   WDTCTL
00000128   FCTL1
0000012a   FCTL2
0000012c   FCTL3
0000012e   TAIV
00000160   TACTL
00000162   TACCTL0
00000164   TACCTL1
00000166   TACCTL2
00000170   TAR
00000172   TACCR0
00000174   TACCR1
00000176   TACCR2
00000180   TBCTL
00000182   TBCCTL0
00000184   TBCCTL1
00000186   TBCCTL2
00000190   TBR
00000192   TBCCR0
00000194   TBCCR1
00000196   TBCCR2
000001b0   ADC10CTL0
000001b2   ADC10CTL1
000001b4   ADC10MEM
000001bc   ADC10SA
00000200   .bss
00000200   __bss__
00000200   i2c_context
00000212   i2c_fSCL
00000214   TXData
0000021c   WDTSecCnt
0000021e   seconds
00000220   _lock
00000222   _unlock
00000224   _cleanup_ptr
00000226   _dtors_ptr
00000231   __end__
00000231   end
000005b0   _stack
00000600   __STACK_END
000010f8   CALDCO_16MHZ
000010f9   CALBC1_16MHZ
000010fa   CALDCO_12MHZ
000010fb   CALBC1_12MHZ
000010fc   CALDCO_8MHZ
000010fd   CALBC1_8MHZ
000010fe   CALDCO_1MHZ
000010ff   CALBC1_1MHZ
00008000   .text
00008000   __text__
00008000   drawDie
0000838e   lcd_putchar
0000886e   drawDieFrame
00008a38   _printfi
00008eb6   rollDice
00009160   __fs_sub
00009166   __fs_add
00009278   main
00009684   ERROR2
0000977c   eZ430X_init
00009966   lcd_init
00009a48   lcd_image
00009ba2   __fs_mpy
00009c4c   __fs_div
00009e0c   i2c_write2
00009f22   ltoa
00009fa6   initRand16
00009fba   setrandSeed
00009fc0   getrandSeed
00009fc6   rand6
00009fda   rand16
0000a024   __fs_tol
0000a190   congradulations
0000a204   L_LSR
0000a216   L_LSR_15
0000a21c   L_LSR_14
0000a222   L_LSR_13
0000a228   L_LSR_12
0000a22e   L_LSR_11
0000a234   L_LSR_10
0000a23a   L_LSR_9
0000a240   L_LSR_8
0000a246   L_LSR_7
0000a24c   L_LSR_6
0000a252   L_LSR_5
0000a258   L_LSR_4
0000a25e   L_LSR_3
0000a264   L_LSR_2
0000a26a   L_LSR_1
0000a272   lcd_clear
0000a2da   __fs_toi
0000a342   lcd_cursor
0000a3a6   i2c_write
0000a406   __divul
0000a406   __remul
0000a45e   _setjmp
0000a45e   setjmp
0000a48a   longjmp
0000a4b6   atoi
0000a50a   lcd_printf
0000a5aa   I_LSR
0000a5b8   I_LSR_15
0000a5bc   I_LSR_14
0000a5c0   I_LSR_13
0000a5c4   I_LSR_12
0000a5c8   I_LSR_11
0000a5cc   I_LSR_10
0000a5d0   I_LSR_9
0000a5d4   I_LSR_8
0000a5d8   I_LSR_7
0000a5dc   I_LSR_6
0000a5e0   I_LSR_5
0000a5e4   I_LSR_4
0000a5e8   I_LSR_3
0000a5ec   I_LSR_2
0000a5f0   I_LSR_1
0000a5f6   __fs_cmp
0000a640   __fs_ltof
0000a68a   _auto_init
0000a6d0   __fs_tou
0000a716   wait_i2c_ack
0000a7a0   lcd_WD
0000a7e0   __divli
0000a7e0   __remli
0000a820   rand
0000a858   __fs_itof
0000a8c2   vsprintf
0000a8f6   init_USCI_B0
0000a926   lcd_WC2
0000a956   lcd_setColumnPage
0000a986   wait
0000a9b4   port2_init
0000a9e0   __divi
0000a9e0   __remi
0000aa0c   WDT_ISR
0000aa34   memccpy
0000aa5c   _c_int00
0000aa5c   _c_int00_noexit
0000aa82   __mpyl
0000aaa8   USCIAB0RX_ISR
0000aaee   wait_i2c_stop
0000ab10   lcd_WC
0000ab30   lcd_backlight
0000ab68   __divu
0000ab68   __remu
0000ab7e   memset
0000ab92   __mpyi
0000abb8   memcpy
0000abca   strlen
0000abdc   func_epilog_7
0000abde   func_epilog_6
0000abe0   func_epilog_5
0000abe2   func_epilog_4
0000abe4   func_epilog_3
0000abe6   func_epilog_2
0000abe8   func_epilog_1
0000abec   Port_2
0000abfa   boop
0000ac08   TMB_ISR
0000ac14   abs
0000ac1e   __fs_neg
0000ac28   _system_pre_init
0000ac2c   C$$EXIT
0000ac2c   abort
0000ac30   _nop
0000ac32   __etext__
0000ac32   cs
0000ac32   etext
0000ae12   _ctypes_
0000af14   lcd_rs
0000afc6   blankSpot
0000afe8   smallSpot
0000b00a   spot
0000b02c   dice1
0000b036   dice2
0000b040   dice3
0000b04a   dice4
0000b054   dice6
0000b05e   dice7
0000b068   dice8
0000b072   dice9
0000b07c   __cinit__
0000b07c   cinit
0000fffe   _reset_vector
ffffffff   __binit__
ffffffff   __c_args__
ffffffff   __pinit__
ffffffff   binit
ffffffff   pinit

[257 symbols]
